[2025-10-05 15:14:14,587 - cnn_classifier - INFO - Testing the package]
[2025-10-05 15:25:51,453 - cnn_classifier - INFO - Testing the package]
[2025-10-08 23:00:28,730 - cnn_classifier - INFO - yaml file:config\config.yaml loaded successfully]
[2025-10-08 23:00:28,755 - cnn_classifier - INFO - yaml file:params.yaml loaded successfully]
[2025-10-08 23:00:28,760 - cnn_classifier - INFO - created directory at:artifacts]
[2025-10-08 23:07:49,252 - cnn_classifier - INFO - yaml file:config\config.yaml loaded successfully]
[2025-10-08 23:07:49,256 - cnn_classifier - INFO - yaml file:params.yaml loaded successfully]
[2025-10-08 23:07:49,259 - cnn_classifier - INFO - created directory at:artifacts]
[2025-10-08 23:08:10,066 - cnn_classifier - INFO - yaml file:config\config.yaml loaded successfully]
[2025-10-08 23:08:10,070 - cnn_classifier - INFO - yaml file:params.yaml loaded successfully]
[2025-10-08 23:08:10,072 - cnn_classifier - INFO - created directory at:artifacts]
[2025-10-08 23:08:10,074 - cnn_classifier - INFO - created directory at:artifacts/data_ingestion]
[2025-10-08 23:08:10,076 - cnn_classifier - INFO - Downloading file from :https://drive.google.com/file/d/1SxC8AFRJO0TwDWjNs9yZR4WOO6oq0jmr/view?usp=sharing into file :artifacts\data_ingestion\data.zip]
[2025-10-08 23:10:26,270 - cnn_classifier - INFO - yaml file:config\config.yaml loaded successfully]
[2025-10-08 23:10:26,273 - cnn_classifier - INFO - yaml file:params.yaml loaded successfully]
[2025-10-08 23:10:26,275 - cnn_classifier - INFO - created directory at:artifacts]
[2025-10-08 23:10:26,277 - cnn_classifier - INFO - created directory at:artifacts/data_ingestion]
[2025-10-08 23:10:26,280 - cnn_classifier - INFO - Downloading file from :https://drive.google.com/file/d/1SxC8AFRJO0TwDWjNs9yZR4WOO6oq0jmr/view?usp=sharing into file :artifacts\data_ingestion\data.zip]
[2025-10-08 23:13:04,308 - cnn_classifier - INFO - yaml file:config\config.yaml loaded successfully]
[2025-10-08 23:13:04,313 - cnn_classifier - INFO - yaml file:params.yaml loaded successfully]
[2025-10-08 23:13:04,316 - cnn_classifier - INFO - created directory at:artifacts]
[2025-10-08 23:13:04,318 - cnn_classifier - INFO - created directory at:artifacts/data_ingestion]
[2025-10-08 23:13:04,320 - cnn_classifier - INFO - Downloading file from :https://drive.google.com/file/d/1SxC8AFRJO0TwDWjNs9yZR4WOO6oq0jmr/view?usp=sharing into file :artifacts\data_ingestion\data.zip]
[2025-10-09 10:32:40,048 - cnn_classifier - INFO - yaml file:config\config.yaml loaded successfully]
[2025-10-09 10:32:40,051 - cnn_classifier - INFO - yaml file:params.yaml loaded successfully]
[2025-10-09 10:32:40,054 - cnn_classifier - INFO - created directory at:artifacts]
[2025-10-09 10:32:40,058 - cnn_classifier - INFO - created directory at:artifacts/data_ingestion]
[2025-10-09 10:32:40,061 - cnn_classifier - INFO - Downloading file from :https://drive.google.com/file/d/1SxC8AFRJO0TwDWjNs9yZR4WOO6oq0jmr/view?usp=sharing into file :artifacts\data_ingestion\data.zip]
[2025-10-09 10:47:40,565 - cnn_classifier - INFO - Downloaded data from: https://drive.google.com/file/d/1SxC8AFRJO0TwDWjNs9yZR4WOO6oq0jmr/view?usp=sharing into file :artifacts\data_ingestion\data.zip of size :~ 1589765 KB]
[2025-10-09 10:53:15,941 - cnn_classifier - INFO - yaml file:config\config.yaml loaded successfully]
[2025-10-09 10:53:15,961 - cnn_classifier - INFO - yaml file:params.yaml loaded successfully]
[2025-10-09 10:53:15,964 - cnn_classifier - INFO - created directory at:artifacts]
[2025-10-09 10:53:15,966 - cnn_classifier - INFO - created directory at:artifacts/data_ingestion]
[2025-10-09 10:53:15,968 - cnn_classifier - INFO - Downloading file from :https://drive.google.com/file/d/1SxC8AFRJO0TwDWjNs9yZR4WOO6oq0jmr/view?usp=sharing into file :artifacts\data_ingestion\data.zip]
[2025-10-09 11:09:26,319 - cnn_classifier - INFO - Downloaded data from: https://drive.google.com/file/d/1SxC8AFRJO0TwDWjNs9yZR4WOO6oq0jmr/view?usp=sharing into file :artifacts\data_ingestion\data.zip of size :~ 1589765 KB]
[2025-10-12 11:47:59,912 - cnn_classifier - INFO - >>>>> stage Data Ingestion Stage started <<<<<]
[2025-10-12 11:47:59,930 - cnn_classifier - INFO - yaml file:config\config.yaml loaded successfully]
[2025-10-12 11:47:59,943 - cnn_classifier - INFO - yaml file:params.yaml loaded successfully]
[2025-10-12 11:47:59,944 - cnn_classifier - INFO - created directory at:artifacts]
[2025-10-12 11:47:59,948 - cnn_classifier - INFO - created directory at:artifacts/data_ingestion]
[2025-10-12 11:47:59,950 - cnn_classifier - INFO - Downloading file from :https://drive.google.com/file/d/1SxC8AFRJO0TwDWjNs9yZR4WOO6oq0jmr/view?usp=sharing into file :artifacts\data_ingestion\data.zip]
[2025-10-12 12:04:25,427 - cnn_classifier - INFO - Downloaded data from: https://drive.google.com/file/d/1SxC8AFRJO0TwDWjNs9yZR4WOO6oq0jmr/view?usp=sharing into file :artifacts\data_ingestion\data.zip of size :~ 1589765 KB]
[2025-10-12 12:05:05,777 - cnn_classifier - INFO - >>>>> stage Data Ingestion Stage completed <<<<<

x==========x]
[2025-10-24 13:56:58,146 - cnn_classifier - INFO - yaml file:config\config.yaml loaded successfully]
[2025-10-24 13:56:58,171 - cnn_classifier - INFO - yaml file:params.yaml loaded successfully]
[2025-10-24 13:56:58,175 - cnn_classifier - INFO - created directory at:artifacts]
[2025-10-24 14:07:11,108 - cnn_classifier - INFO - yaml file:config\config.yaml loaded successfully]
[2025-10-24 14:07:11,114 - cnn_classifier - INFO - yaml file:params.yaml loaded successfully]
[2025-10-24 14:07:11,117 - cnn_classifier - INFO - created directory at:artifacts]
[2025-10-24 16:14:05,369 - cnn_classifier - INFO - yaml file:config\config.yaml loaded successfully]
[2025-10-24 16:14:05,374 - cnn_classifier - INFO - yaml file:params.yaml loaded successfully]
[2025-10-24 16:14:05,376 - cnn_classifier - INFO - created directory at:artifacts]
[2025-10-24 16:20:33,088 - cnn_classifier - INFO - yaml file:config\config.yaml loaded successfully]
[2025-10-24 16:20:33,094 - cnn_classifier - INFO - yaml file:params.yaml loaded successfully]
[2025-10-24 16:20:33,096 - cnn_classifier - INFO - created directory at:artifacts]
[2025-10-24 16:24:15,204 - cnn_classifier - INFO - yaml file:config\config.yaml loaded successfully]
[2025-10-24 16:24:15,208 - cnn_classifier - INFO - yaml file:params.yaml loaded successfully]
[2025-10-24 16:24:15,210 - cnn_classifier - INFO - created directory at:artifacts]
[2025-10-24 16:24:15,213 - cnn_classifier - INFO - created directory at:artifacts/prepare_base_model]
[2025-10-24 16:26:24,358 - cnn_classifier - INFO - yaml file:config\config.yaml loaded successfully]
[2025-10-24 16:26:24,364 - cnn_classifier - INFO - yaml file:params.yaml loaded successfully]
[2025-10-24 16:26:24,366 - cnn_classifier - INFO - created directory at:artifacts]
[2025-10-24 16:26:24,368 - cnn_classifier - INFO - created directory at:artifacts/prepare_base_model]
[2025-10-24 16:38:48,406 - cnn_classifier - INFO - yaml file:config\config.yaml loaded successfully]
[2025-10-24 16:38:48,410 - cnn_classifier - INFO - yaml file:params.yaml loaded successfully]
[2025-10-24 16:38:48,412 - cnn_classifier - INFO - created directory at:artifacts]
[2025-10-24 16:38:48,414 - cnn_classifier - INFO - created directory at:artifacts/prepare_base_model]
[2025-10-24 16:38:48,845 - absl - WARNING - You are saving your model as an HDF5 file via `model.save()` or `keras.saving.save_model(model)`. This file format is considered legacy. We recommend using instead the native Keras format, e.g. `model.save('my_model.keras')` or `keras.saving.save_model(model, 'my_model.keras')`. ]
[2025-10-24 16:41:30,603 - cnn_classifier - INFO - yaml file:config\config.yaml loaded successfully]
[2025-10-24 16:41:30,608 - cnn_classifier - INFO - yaml file:params.yaml loaded successfully]
[2025-10-24 16:41:30,609 - cnn_classifier - INFO - created directory at:artifacts]
[2025-10-24 16:41:30,611 - cnn_classifier - INFO - created directory at:artifacts/prepare_base_model]
[2025-10-24 16:41:31,103 - absl - WARNING - You are saving your model as an HDF5 file via `model.save()` or `keras.saving.save_model(model)`. This file format is considered legacy. We recommend using instead the native Keras format, e.g. `model.save('my_model.keras')` or `keras.saving.save_model(model, 'my_model.keras')`. ]
[2025-10-24 16:41:31,391 - absl - WARNING - You are saving your model as an HDF5 file via `model.save()` or `keras.saving.save_model(model)`. This file format is considered legacy. We recommend using instead the native Keras format, e.g. `model.save('my_model.keras')` or `keras.saving.save_model(model, 'my_model.keras')`. ]
[2025-10-24 21:37:58,406 - cnn_classifier - INFO - >>>>> stage Data Ingestion Stage started <<<<<]
[2025-10-24 21:37:58,410 - cnn_classifier - INFO - yaml file:config\config.yaml loaded successfully]
[2025-10-24 21:37:58,412 - cnn_classifier - INFO - yaml file:params.yaml loaded successfully]
[2025-10-24 21:37:58,413 - cnn_classifier - INFO - created directory at:artifacts]
[2025-10-24 21:37:58,415 - cnn_classifier - INFO - created directory at:artifacts/data_ingestion]
[2025-10-24 21:37:58,417 - cnn_classifier - INFO - Downloading file from :https://drive.google.com/file/d/1SxC8AFRJO0TwDWjNs9yZR4WOO6oq0jmr/view?usp=sharing into file :artifacts\data_ingestion\data.zip]
[2025-10-24 22:38:09,841 - cnn_classifier - INFO - Downloaded data from: https://drive.google.com/file/d/1SxC8AFRJO0TwDWjNs9yZR4WOO6oq0jmr/view?usp=sharing into file :artifacts\data_ingestion\data.zip of size :~ 1589765 KB]
[2025-10-24 22:38:37,337 - cnn_classifier - INFO - >>>>> stage Data Ingestion Stage completed <<<<<

x==========x]
[2025-10-24 22:38:37,338 - cnn_classifier - INFO - >>>>> stage Base Model Preparation Stage started <<<<<]
[2025-10-24 22:38:37,343 - cnn_classifier - INFO - yaml file:config\config.yaml loaded successfully]
[2025-10-24 22:38:37,351 - cnn_classifier - INFO - yaml file:params.yaml loaded successfully]
[2025-10-24 22:38:37,353 - cnn_classifier - INFO - created directory at:artifacts]
[2025-10-24 22:38:37,354 - cnn_classifier - INFO - created directory at:artifacts/prepare_base_model]
[2025-10-24 22:38:38,053 - absl - WARNING - You are saving your model as an HDF5 file via `model.save()` or `keras.saving.save_model(model)`. This file format is considered legacy. We recommend using instead the native Keras format, e.g. `model.save('my_model.keras')` or `keras.saving.save_model(model, 'my_model.keras')`. ]
[2025-10-24 22:38:38,346 - absl - WARNING - You are saving your model as an HDF5 file via `model.save()` or `keras.saving.save_model(model)`. This file format is considered legacy. We recommend using instead the native Keras format, e.g. `model.save('my_model.keras')` or `keras.saving.save_model(model, 'my_model.keras')`. ]
[2025-10-24 22:38:38,535 - cnn_classifier - INFO - >>>>> stage Base Model Preparation Stage completed <<<<<

x==========x]
[2025-10-24 23:12:56,140 - cnn_classifier - INFO - yaml file:config\config.yaml loaded successfully]
[2025-10-24 23:12:56,147 - cnn_classifier - INFO - yaml file:params.yaml loaded successfully]
[2025-10-24 23:12:56,150 - cnn_classifier - INFO - created directory at:artifacts]
[2025-10-24 23:15:25,877 - cnn_classifier - INFO - yaml file:config\config.yaml loaded successfully]
[2025-10-24 23:15:25,880 - cnn_classifier - INFO - yaml file:params.yaml loaded successfully]
[2025-10-24 23:15:25,882 - cnn_classifier - INFO - created directory at:artifacts]
[2025-10-24 23:15:25,885 - cnn_classifier - INFO - created directory at:artifacts\training]
[2025-10-24 23:17:28,020 - cnn_classifier - INFO - yaml file:config\config.yaml loaded successfully]
[2025-10-24 23:17:28,024 - cnn_classifier - INFO - yaml file:params.yaml loaded successfully]
[2025-10-24 23:17:28,026 - cnn_classifier - INFO - created directory at:artifacts]
[2025-10-24 23:17:28,028 - cnn_classifier - INFO - created directory at:artifacts\training]
[2025-10-24 23:17:34,383 - cnn_classifier - INFO - yaml file:config\config.yaml loaded successfully]
[2025-10-24 23:17:34,389 - cnn_classifier - INFO - yaml file:params.yaml loaded successfully]
[2025-10-24 23:17:34,394 - cnn_classifier - INFO - created directory at:artifacts]
[2025-10-24 23:17:34,396 - cnn_classifier - INFO - created directory at:artifacts\training]
[2025-10-24 23:19:44,865 - cnn_classifier - INFO - yaml file:config\config.yaml loaded successfully]
[2025-10-24 23:19:44,869 - cnn_classifier - INFO - yaml file:params.yaml loaded successfully]
[2025-10-24 23:19:44,873 - cnn_classifier - INFO - created directory at:artifacts]
[2025-10-25 10:09:29,747 - cnn_classifier - INFO - yaml file:config\config.yaml loaded successfully]
[2025-10-25 10:09:29,778 - cnn_classifier - INFO - yaml file:params.yaml loaded successfully]
[2025-10-25 10:09:29,782 - cnn_classifier - INFO - created directory at:artifacts]
[2025-10-25 10:09:29,791 - cnn_classifier - INFO - created directory at:artifacts\training]
[2025-10-25 10:15:11,470 - cnn_classifier - INFO - yaml file:config\config.yaml loaded successfully]
[2025-10-25 10:15:11,474 - cnn_classifier - INFO - yaml file:params.yaml loaded successfully]
[2025-10-25 10:15:11,476 - cnn_classifier - INFO - created directory at:artifacts]
[2025-10-25 10:15:11,478 - cnn_classifier - INFO - created directory at:artifacts\training]
[2025-10-25 10:22:43,806 - cnn_classifier - INFO - yaml file:config\config.yaml loaded successfully]
[2025-10-25 10:22:43,826 - cnn_classifier - INFO - yaml file:params.yaml loaded successfully]
[2025-10-25 10:22:43,831 - cnn_classifier - INFO - created directory at:artifacts]
[2025-10-25 10:22:43,833 - cnn_classifier - INFO - created directory at:artifacts\training]
[2025-10-25 10:22:45,017 - absl - WARNING - Compiled the loaded model, but the compiled metrics have yet to be built. `model.compile_metrics` will be empty until you train or evaluate the model.]
[2025-10-25 10:24:50,836 - cnn_classifier - INFO - yaml file:config\config.yaml loaded successfully]
[2025-10-25 10:24:50,841 - cnn_classifier - INFO - yaml file:params.yaml loaded successfully]
[2025-10-25 10:24:50,843 - cnn_classifier - INFO - created directory at:artifacts]
[2025-10-25 10:24:50,845 - cnn_classifier - INFO - created directory at:artifacts\training]
[2025-10-25 10:24:51,422 - absl - WARNING - Compiled the loaded model, but the compiled metrics have yet to be built. `model.compile_metrics` will be empty until you train or evaluate the model.]
[2025-10-25 10:26:31,493 - cnn_classifier - INFO - yaml file:config\config.yaml loaded successfully]
[2025-10-25 10:26:31,499 - cnn_classifier - INFO - yaml file:params.yaml loaded successfully]
[2025-10-25 10:26:31,500 - cnn_classifier - INFO - created directory at:artifacts]
[2025-10-25 10:26:31,503 - cnn_classifier - INFO - created directory at:artifacts\training]
[2025-10-25 10:28:03,971 - cnn_classifier - INFO - yaml file:config\config.yaml loaded successfully]
[2025-10-25 10:28:03,976 - cnn_classifier - INFO - yaml file:params.yaml loaded successfully]
[2025-10-25 10:28:03,978 - cnn_classifier - INFO - created directory at:artifacts]
[2025-10-25 10:28:03,980 - cnn_classifier - INFO - created directory at:artifacts\training]
[2025-10-25 10:28:04,422 - absl - WARNING - Compiled the loaded model, but the compiled metrics have yet to be built. `model.compile_metrics` will be empty until you train or evaluate the model.]
[2025-10-25 10:28:58,675 - cnn_classifier - INFO - yaml file:config\config.yaml loaded successfully]
[2025-10-25 10:28:58,679 - cnn_classifier - INFO - yaml file:params.yaml loaded successfully]
[2025-10-25 10:28:58,681 - cnn_classifier - INFO - created directory at:artifacts]
[2025-10-25 10:28:58,684 - cnn_classifier - INFO - created directory at:artifacts\training]
[2025-10-25 10:28:59,214 - absl - WARNING - Compiled the loaded model, but the compiled metrics have yet to be built. `model.compile_metrics` will be empty until you train or evaluate the model.]
[2025-10-25 10:32:31,068 - cnn_classifier - INFO - yaml file:config\config.yaml loaded successfully]
[2025-10-25 10:32:31,071 - cnn_classifier - INFO - yaml file:params.yaml loaded successfully]
[2025-10-25 10:32:31,074 - cnn_classifier - INFO - created directory at:artifacts]
[2025-10-25 10:32:31,076 - cnn_classifier - INFO - created directory at:artifacts\training]
[2025-10-25 10:32:31,442 - absl - WARNING - Compiled the loaded model, but the compiled metrics have yet to be built. `model.compile_metrics` will be empty until you train or evaluate the model.]
[2025-10-25 10:41:28,040 - cnn_classifier - INFO - yaml file:config\config.yaml loaded successfully]
[2025-10-25 10:41:28,048 - cnn_classifier - INFO - yaml file:params.yaml loaded successfully]
[2025-10-25 10:41:28,054 - cnn_classifier - INFO - created directory at:artifacts]
[2025-10-25 10:41:28,056 - cnn_classifier - INFO - created directory at:artifacts\training]
[2025-10-25 10:41:28,472 - absl - WARNING - Compiled the loaded model, but the compiled metrics have yet to be built. `model.compile_metrics` will be empty until you train or evaluate the model.]
[2025-10-25 14:12:45,399 - cnn_classifier - INFO - yaml file:config\config.yaml loaded successfully]
[2025-10-25 14:12:45,419 - cnn_classifier - INFO - yaml file:params.yaml loaded successfully]
[2025-10-25 14:12:45,422 - cnn_classifier - INFO - created directory at:artifacts]
[2025-10-25 14:12:45,424 - cnn_classifier - INFO - created directory at:artifacts\training]
[2025-10-25 14:12:46,434 - absl - WARNING - Compiled the loaded model, but the compiled metrics have yet to be built. `model.compile_metrics` will be empty until you train or evaluate the model.]
[2025-10-25 14:22:47,938 - cnn_classifier - INFO - yaml file:config\config.yaml loaded successfully]
[2025-10-25 14:22:47,943 - cnn_classifier - INFO - yaml file:params.yaml loaded successfully]
[2025-10-25 14:22:47,944 - cnn_classifier - INFO - created directory at:artifacts]
[2025-10-25 14:22:47,946 - cnn_classifier - INFO - created directory at:artifacts\training]
[2025-10-25 14:22:48,319 - absl - WARNING - Compiled the loaded model, but the compiled metrics have yet to be built. `model.compile_metrics` will be empty until you train or evaluate the model.]
[2025-10-25 14:29:55,384 - cnn_classifier - INFO - yaml file:config\config.yaml loaded successfully]
[2025-10-25 14:29:55,388 - cnn_classifier - INFO - yaml file:params.yaml loaded successfully]
[2025-10-25 14:29:55,390 - cnn_classifier - INFO - created directory at:artifacts]
[2025-10-25 14:29:55,392 - cnn_classifier - INFO - created directory at:artifacts/prepare_base_model]
[2025-10-25 14:29:56,654 - absl - WARNING - You are saving your model as an HDF5 file via `model.save()` or `keras.saving.save_model(model)`. This file format is considered legacy. We recommend using instead the native Keras format, e.g. `model.save('my_model.keras')` or `keras.saving.save_model(model, 'my_model.keras')`. ]
[2025-10-25 14:29:57,029 - absl - WARNING - You are saving your model as an HDF5 file via `model.save()` or `keras.saving.save_model(model)`. This file format is considered legacy. We recommend using instead the native Keras format, e.g. `model.save('my_model.keras')` or `keras.saving.save_model(model, 'my_model.keras')`. ]
[2025-10-25 14:31:02,475 - cnn_classifier - INFO - >>>>> stage Data Ingestion Stage started <<<<<]
[2025-10-25 14:31:02,479 - cnn_classifier - INFO - yaml file:config\config.yaml loaded successfully]
[2025-10-25 14:31:02,481 - cnn_classifier - INFO - yaml file:params.yaml loaded successfully]
[2025-10-25 14:31:02,482 - cnn_classifier - INFO - created directory at:artifacts]
[2025-10-25 14:31:02,483 - cnn_classifier - INFO - created directory at:artifacts/data_ingestion]
[2025-10-25 14:31:02,483 - cnn_classifier - INFO - Downloading file from :https://drive.google.com/file/d/1SxC8AFRJO0TwDWjNs9yZR4WOO6oq0jmr/view?usp=sharing into file :artifacts\data_ingestion\data.zip]
[2025-10-25 14:32:05,457 - cnn_classifier - INFO - yaml file:config\config.yaml loaded successfully]
[2025-10-25 14:32:05,463 - cnn_classifier - INFO - yaml file:params.yaml loaded successfully]
[2025-10-25 14:32:05,465 - cnn_classifier - INFO - created directory at:artifacts]
[2025-10-25 14:32:05,468 - cnn_classifier - INFO - created directory at:artifacts\training]
[2025-10-25 15:31:18,062 - cnn_classifier - ERROR - ('Connection broken: IncompleteRead(1623386814 bytes read, 4532494 more expected)', IncompleteRead(1623386814 bytes read, 4532494 more expected))]
Traceback (most recent call last):
  File "D:\Kidney-Disease-classification-cnn\.venv\Lib\site-packages\urllib3\response.py", line 779, in _error_catcher
    yield
  File "D:\Kidney-Disease-classification-cnn\.venv\Lib\site-packages\urllib3\response.py", line 925, in _raw_read
    raise IncompleteRead(self._fp_bytes_read, self.length_remaining)
urllib3.exceptions.IncompleteRead: IncompleteRead(1623386814 bytes read, 4532494 more expected)

The above exception was the direct cause of the following exception:

Traceback (most recent call last):
  File "D:\Kidney-Disease-classification-cnn\.venv\Lib\site-packages\requests\models.py", line 820, in generate
    yield from self.raw.stream(chunk_size, decode_content=True)
  File "D:\Kidney-Disease-classification-cnn\.venv\Lib\site-packages\urllib3\response.py", line 1091, in stream
    data = self.read(amt=amt, decode_content=decode_content)
  File "D:\Kidney-Disease-classification-cnn\.venv\Lib\site-packages\urllib3\response.py", line 1008, in read
    data = self._raw_read(amt)
  File "D:\Kidney-Disease-classification-cnn\.venv\Lib\site-packages\urllib3\response.py", line 903, in _raw_read
    with self._error_catcher():
         ~~~~~~~~~~~~~~~~~~~^^
  File "C:\Users\new user farhat\AppData\Local\Programs\Python\Python313\Lib\contextlib.py", line 162, in __exit__
    self.gen.throw(value)
    ~~~~~~~~~~~~~~^^^^^^^
  File "D:\Kidney-Disease-classification-cnn\.venv\Lib\site-packages\urllib3\response.py", line 803, in _error_catcher
    raise ProtocolError(arg, e) from e
urllib3.exceptions.ProtocolError: ('Connection broken: IncompleteRead(1623386814 bytes read, 4532494 more expected)', IncompleteRead(1623386814 bytes read, 4532494 more expected))

During handling of the above exception, another exception occurred:

Traceback (most recent call last):
  File "d:\Kidney-Disease-classification-cnn\main.py", line 14, in <module>
    obj.main()
    ~~~~~~~~^^
  File "D:\Kidney-Disease-classification-cnn\src\cnn_classifier\pipeline\stage_01_data_ingestion.py", line 14, in main
    data_integestion.download_file()
    ~~~~~~~~~~~~~~~~~~~~~~~~~~~~~~^^
  File "D:\Kidney-Disease-classification-cnn\src\cnn_classifier\components\data_ingestion.py", line 28, in download_file
    raise e
  File "D:\Kidney-Disease-classification-cnn\src\cnn_classifier\components\data_ingestion.py", line 23, in download_file
    gdown.download(prefix+file_id, str(zip_download_dir))
    ~~~~~~~~~~~~~~^^^^^^^^^^^^^^^^^^^^^^^^^^^^^^^^^^^^^^^
  File "D:\Kidney-Disease-classification-cnn\.venv\Lib\site-packages\gdown\download.py", line 368, in download
    for chunk in res.iter_content(chunk_size=CHUNK_SIZE):
                 ~~~~~~~~~~~~~~~~^^^^^^^^^^^^^^^^^^^^^^^
  File "D:\Kidney-Disease-classification-cnn\.venv\Lib\site-packages\requests\models.py", line 822, in generate
    raise ChunkedEncodingError(e)
requests.exceptions.ChunkedEncodingError: ('Connection broken: IncompleteRead(1623386814 bytes read, 4532494 more expected)', IncompleteRead(1623386814 bytes read, 4532494 more expected))
[2025-10-25 19:11:23,119 - cnn_classifier - INFO - >>>>> stage Data Ingestion Stage started <<<<<]
[2025-10-25 19:11:23,122 - cnn_classifier - INFO - yaml file:config\config.yaml loaded successfully]
[2025-10-25 19:11:23,124 - cnn_classifier - INFO - yaml file:params.yaml loaded successfully]
[2025-10-25 19:11:23,125 - cnn_classifier - INFO - created directory at:artifacts]
[2025-10-25 19:11:23,125 - cnn_classifier - INFO - created directory at:artifacts/data_ingestion]
[2025-10-25 19:11:23,126 - cnn_classifier - INFO - Downloading file from :https://drive.google.com/file/d/1SxC8AFRJO0TwDWjNs9yZR4WOO6oq0jmr/view?usp=sharing into file :artifacts\data_ingestion\data.zip]
[2025-10-25 20:11:44,748 - cnn_classifier - ERROR - ('Connection broken: IncompleteRead(1476061902 bytes read, 151857406 more expected)', IncompleteRead(1476061902 bytes read, 151857406 more expected))]
Traceback (most recent call last):
  File "D:\Kidney-Disease-classification-cnn\.venv\Lib\site-packages\urllib3\response.py", line 779, in _error_catcher
    yield
  File "D:\Kidney-Disease-classification-cnn\.venv\Lib\site-packages\urllib3\response.py", line 925, in _raw_read
    raise IncompleteRead(self._fp_bytes_read, self.length_remaining)
urllib3.exceptions.IncompleteRead: IncompleteRead(1476061902 bytes read, 151857406 more expected)

The above exception was the direct cause of the following exception:

Traceback (most recent call last):
  File "D:\Kidney-Disease-classification-cnn\.venv\Lib\site-packages\requests\models.py", line 820, in generate
    yield from self.raw.stream(chunk_size, decode_content=True)
  File "D:\Kidney-Disease-classification-cnn\.venv\Lib\site-packages\urllib3\response.py", line 1091, in stream
    data = self.read(amt=amt, decode_content=decode_content)
  File "D:\Kidney-Disease-classification-cnn\.venv\Lib\site-packages\urllib3\response.py", line 1008, in read
    data = self._raw_read(amt)
  File "D:\Kidney-Disease-classification-cnn\.venv\Lib\site-packages\urllib3\response.py", line 903, in _raw_read
    with self._error_catcher():
         ~~~~~~~~~~~~~~~~~~~^^
  File "C:\Users\new user farhat\AppData\Local\Programs\Python\Python313\Lib\contextlib.py", line 162, in __exit__
    self.gen.throw(value)
    ~~~~~~~~~~~~~~^^^^^^^
  File "D:\Kidney-Disease-classification-cnn\.venv\Lib\site-packages\urllib3\response.py", line 803, in _error_catcher
    raise ProtocolError(arg, e) from e
urllib3.exceptions.ProtocolError: ('Connection broken: IncompleteRead(1476061902 bytes read, 151857406 more expected)', IncompleteRead(1476061902 bytes read, 151857406 more expected))

During handling of the above exception, another exception occurred:

Traceback (most recent call last):
  File "d:\Kidney-Disease-classification-cnn\main.py", line 14, in <module>
    obj.main()
    ~~~~~~~~^^
  File "D:\Kidney-Disease-classification-cnn\src\cnn_classifier\pipeline\stage_01_data_ingestion.py", line 14, in main
    data_integestion.download_file()
    ~~~~~~~~~~~~~~~~~~~~~~~~~~~~~~^^
  File "D:\Kidney-Disease-classification-cnn\src\cnn_classifier\components\data_ingestion.py", line 28, in download_file
    raise e
  File "D:\Kidney-Disease-classification-cnn\src\cnn_classifier\components\data_ingestion.py", line 23, in download_file
    gdown.download(prefix+file_id, str(zip_download_dir))
    ~~~~~~~~~~~~~~^^^^^^^^^^^^^^^^^^^^^^^^^^^^^^^^^^^^^^^
  File "D:\Kidney-Disease-classification-cnn\.venv\Lib\site-packages\gdown\download.py", line 368, in download
    for chunk in res.iter_content(chunk_size=CHUNK_SIZE):
                 ~~~~~~~~~~~~~~~~^^^^^^^^^^^^^^^^^^^^^^^
  File "D:\Kidney-Disease-classification-cnn\.venv\Lib\site-packages\requests\models.py", line 822, in generate
    raise ChunkedEncodingError(e)
requests.exceptions.ChunkedEncodingError: ('Connection broken: IncompleteRead(1476061902 bytes read, 151857406 more expected)', IncompleteRead(1476061902 bytes read, 151857406 more expected))
[2025-10-25 20:26:58,222 - cnn_classifier - INFO - yaml file:config\config.yaml loaded successfully]
[2025-10-25 20:26:58,250 - cnn_classifier - INFO - yaml file:params.yaml loaded successfully]
[2025-10-25 20:26:58,256 - cnn_classifier - INFO - created directory at:artifacts]
[2025-10-25 20:26:58,268 - cnn_classifier - INFO - created directory at:artifacts\training]
[2025-10-25 20:27:02,173 - absl - WARNING - Compiled the loaded model, but the compiled metrics have yet to be built. `model.compile_metrics` will be empty until you train or evaluate the model.]
[2025-10-25 20:37:50,541 - cnn_classifier - INFO - yaml file:config\config.yaml loaded successfully]
[2025-10-25 20:37:50,546 - cnn_classifier - INFO - yaml file:params.yaml loaded successfully]
[2025-10-25 20:37:50,549 - cnn_classifier - INFO - created directory at:artifacts]
[2025-10-25 20:37:50,551 - cnn_classifier - INFO - created directory at:artifacts\training]
[2025-10-25 20:37:51,137 - absl - WARNING - Compiled the loaded model, but the compiled metrics have yet to be built. `model.compile_metrics` will be empty until you train or evaluate the model.]
[2025-10-25 20:56:51,789 - cnn_classifier - INFO - yaml file:config\config.yaml loaded successfully]
[2025-10-25 20:56:51,795 - cnn_classifier - INFO - yaml file:params.yaml loaded successfully]
[2025-10-25 20:56:51,797 - cnn_classifier - INFO - created directory at:artifacts]
[2025-10-25 20:56:51,798 - cnn_classifier - INFO - created directory at:artifacts\training]
[2025-10-25 20:56:52,549 - absl - WARNING - Compiled the loaded model, but the compiled metrics have yet to be built. `model.compile_metrics` will be empty until you train or evaluate the model.]
[2025-10-26 09:07:31,681 - cnn_classifier - INFO - yaml file:config\config.yaml loaded successfully]
[2025-10-26 09:07:31,687 - cnn_classifier - INFO - yaml file:params.yaml loaded successfully]
[2025-10-26 09:07:31,690 - cnn_classifier - INFO - created directory at:artifacts]
[2025-10-26 09:07:31,693 - cnn_classifier - INFO - created directory at:artifacts\training]
[2025-10-26 09:07:33,182 - absl - WARNING - Compiled the loaded model, but the compiled metrics have yet to be built. `model.compile_metrics` will be empty until you train or evaluate the model.]
[2025-10-26 09:09:43,587 - cnn_classifier - INFO - yaml file:config\config.yaml loaded successfully]
[2025-10-26 09:09:43,612 - cnn_classifier - INFO - yaml file:params.yaml loaded successfully]
[2025-10-26 09:09:43,614 - cnn_classifier - INFO - created directory at:artifacts]
[2025-10-26 09:09:43,616 - cnn_classifier - INFO - created directory at:artifacts\training]
[2025-10-26 09:26:20,576 - cnn_classifier - INFO - yaml file:config\config.yaml loaded successfully]
[2025-10-26 09:26:20,595 - cnn_classifier - INFO - yaml file:params.yaml loaded successfully]
[2025-10-26 09:26:20,606 - cnn_classifier - INFO - created directory at:artifacts]
[2025-10-26 09:26:20,613 - cnn_classifier - INFO - created directory at:artifacts\training]
[2025-10-26 09:26:21,159 - absl - WARNING - Compiled the loaded model, but the compiled metrics have yet to be built. `model.compile_metrics` will be empty until you train or evaluate the model.]
[2025-10-26 09:32:45,915 - cnn_classifier - INFO - yaml file:config\config.yaml loaded successfully]
[2025-10-26 09:32:45,920 - cnn_classifier - INFO - yaml file:params.yaml loaded successfully]
[2025-10-26 09:32:45,922 - cnn_classifier - INFO - created directory at:artifacts]
[2025-10-26 09:32:45,927 - cnn_classifier - INFO - created directory at:artifacts\training]
[2025-10-26 09:32:46,736 - absl - WARNING - Compiled the loaded model, but the compiled metrics have yet to be built. `model.compile_metrics` will be empty until you train or evaluate the model.]
[2025-10-26 09:38:27,799 - cnn_classifier - INFO - yaml file:config\config.yaml loaded successfully]
[2025-10-26 09:38:27,803 - cnn_classifier - INFO - yaml file:params.yaml loaded successfully]
[2025-10-26 09:38:27,805 - cnn_classifier - INFO - created directory at:artifacts]
[2025-10-26 09:38:27,807 - cnn_classifier - INFO - created directory at:artifacts\training]
[2025-10-26 09:43:21,001 - cnn_classifier - INFO - yaml file:config\config.yaml loaded successfully]
[2025-10-26 09:43:21,018 - cnn_classifier - INFO - yaml file:params.yaml loaded successfully]
[2025-10-26 09:43:21,021 - cnn_classifier - INFO - created directory at:artifacts]
[2025-10-26 09:43:21,025 - cnn_classifier - INFO - created directory at:artifacts\training]
[2025-10-26 09:49:38,845 - cnn_classifier - INFO - yaml file:config\config.yaml loaded successfully]
[2025-10-26 09:49:38,864 - cnn_classifier - INFO - yaml file:params.yaml loaded successfully]
[2025-10-26 09:49:38,877 - cnn_classifier - INFO - created directory at:artifacts]
[2025-10-26 09:49:38,881 - cnn_classifier - INFO - created directory at:artifacts\training]
[2025-10-26 10:09:18,229 - cnn_classifier - INFO - yaml file:config\config.yaml loaded successfully]
[2025-10-26 10:09:18,241 - cnn_classifier - INFO - yaml file:params.yaml loaded successfully]
[2025-10-26 10:09:18,248 - cnn_classifier - INFO - created directory at:artifacts]
[2025-10-26 10:09:18,252 - cnn_classifier - INFO - created directory at:artifacts\training]
[2025-10-26 10:12:10,481 - cnn_classifier - INFO - yaml file:config\config.yaml loaded successfully]
[2025-10-26 10:12:10,493 - cnn_classifier - INFO - yaml file:params.yaml loaded successfully]
[2025-10-26 10:12:10,500 - cnn_classifier - INFO - created directory at:artifacts]
[2025-10-26 10:12:10,503 - cnn_classifier - INFO - created directory at:artifacts\training]
[2025-10-26 11:21:07,696 - absl - WARNING - You are saving your model as an HDF5 file via `model.save()` or `keras.saving.save_model(model)`. This file format is considered legacy. We recommend using instead the native Keras format, e.g. `model.save('my_model.keras')` or `keras.saving.save_model(model, 'my_model.keras')`. ]
[2025-10-26 12:19:25,887 - absl - WARNING - You are saving your model as an HDF5 file via `model.save()` or `keras.saving.save_model(model)`. This file format is considered legacy. We recommend using instead the native Keras format, e.g. `model.save('my_model.keras')` or `keras.saving.save_model(model, 'my_model.keras')`. ]
[2025-10-26 13:20:05,589 - absl - WARNING - You are saving your model as an HDF5 file via `model.save()` or `keras.saving.save_model(model)`. This file format is considered legacy. We recommend using instead the native Keras format, e.g. `model.save('my_model.keras')` or `keras.saving.save_model(model, 'my_model.keras')`. ]
[2025-10-26 14:16:41,970 - absl - WARNING - You are saving your model as an HDF5 file via `model.save()` or `keras.saving.save_model(model)`. This file format is considered legacy. We recommend using instead the native Keras format, e.g. `model.save('my_model.keras')` or `keras.saving.save_model(model, 'my_model.keras')`. ]
[2025-10-26 17:13:38,063 - absl - WARNING - You are saving your model as an HDF5 file via `model.save()` or `keras.saving.save_model(model)`. This file format is considered legacy. We recommend using instead the native Keras format, e.g. `model.save('my_model.keras')` or `keras.saving.save_model(model, 'my_model.keras')`. ]
[2025-10-26 19:13:23,446 - cnn_classifier - INFO - >>>>> stage Data Ingestion Stage started <<<<<]
[2025-10-26 19:13:23,454 - cnn_classifier - INFO - yaml file:config\config.yaml loaded successfully]
[2025-10-26 19:13:23,461 - cnn_classifier - INFO - yaml file:params.yaml loaded successfully]
[2025-10-26 19:13:23,467 - cnn_classifier - INFO - created directory at:artifacts]
[2025-10-26 19:13:23,468 - cnn_classifier - INFO - created directory at:artifacts/data_ingestion]
[2025-10-26 19:13:23,470 - cnn_classifier - INFO - Downloading file from :https://drive.google.com/file/d/1SxC8AFRJO0TwDWjNs9yZR4WOO6oq0jmr/view?usp=sharing into file :artifacts\data_ingestion\data.zip]
[2025-10-26 20:07:26,277 - cnn_classifier - INFO - Downloaded data from: https://drive.google.com/file/d/1SxC8AFRJO0TwDWjNs9yZR4WOO6oq0jmr/view?usp=sharing into file :artifacts\data_ingestion\data.zip of size :~ 1589765 KB]
[2025-10-26 20:08:09,402 - cnn_classifier - INFO - >>>>> stage Data Ingestion Stage completed <<<<<

x==========x]
[2025-10-26 20:08:09,403 - cnn_classifier - INFO - >>>>> stage Base Model Preparation Stage started <<<<<]
[2025-10-26 20:08:09,421 - cnn_classifier - INFO - yaml file:config\config.yaml loaded successfully]
[2025-10-26 20:08:09,428 - cnn_classifier - INFO - yaml file:params.yaml loaded successfully]
[2025-10-26 20:08:09,430 - cnn_classifier - INFO - created directory at:artifacts]
[2025-10-26 20:08:09,431 - cnn_classifier - INFO - created directory at:artifacts/prepare_base_model]
[2025-10-26 20:08:11,064 - absl - WARNING - You are saving your model as an HDF5 file via `model.save()` or `keras.saving.save_model(model)`. This file format is considered legacy. We recommend using instead the native Keras format, e.g. `model.save('my_model.keras')` or `keras.saving.save_model(model, 'my_model.keras')`. ]
[2025-10-26 20:08:11,977 - absl - WARNING - You are saving your model as an HDF5 file via `model.save()` or `keras.saving.save_model(model)`. This file format is considered legacy. We recommend using instead the native Keras format, e.g. `model.save('my_model.keras')` or `keras.saving.save_model(model, 'my_model.keras')`. ]
[2025-10-26 20:08:12,258 - cnn_classifier - INFO - >>>>> stage Base Model Preparation Stage completed <<<<<

x==========x]
[2025-10-26 20:08:12,260 - cnn_classifier - INFO - >>>>> stage Model Training Stage started <<<<<]
[2025-10-26 20:08:12,265 - cnn_classifier - INFO - yaml file:config\config.yaml loaded successfully]
[2025-10-26 20:08:12,271 - cnn_classifier - INFO - yaml file:params.yaml loaded successfully]
[2025-10-26 20:08:12,273 - cnn_classifier - INFO - created directory at:artifacts]
[2025-10-26 20:08:12,274 - cnn_classifier - INFO - created directory at:artifacts\training]
[2025-10-26 20:08:23,258 - cnn_classifier - ERROR - Arguments `target` and `output` must have the same shape. Received: target.shape=(None, 1), output.shape=(None, 4)]
Traceback (most recent call last):
  File "d:\Kidney-Disease-classification-cnn\main.py", line 38, in <module>
    obj.main()
    ~~~~~~~~^^
  File "D:\Kidney-Disease-classification-cnn\src\cnn_classifier\pipeline\stage_03_model_train.py", line 18, in main
    training.train()
    ~~~~~~~~~~~~~~^^
  File "D:\Kidney-Disease-classification-cnn\src\cnn_classifier\components\model_training.py", line 109, in train
    history = self.model.fit(
        self.train_generator,
    ...<5 lines>...
        verbose=1
    )
  File "D:\Kidney-Disease-classification-cnn\.venv\Lib\site-packages\keras\src\utils\traceback_utils.py", line 122, in error_handler
    raise e.with_traceback(filtered_tb) from None
  File "D:\Kidney-Disease-classification-cnn\.venv\Lib\site-packages\keras\src\backend\tensorflow\nn.py", line 669, in categorical_crossentropy
    raise ValueError(
    ...<3 lines>...
    )
ValueError: Arguments `target` and `output` must have the same shape. Received: target.shape=(None, 1), output.shape=(None, 4)
[2025-10-26 20:32:12,365 - cnn_classifier - INFO - >>>>> stage Data Ingestion Stage started <<<<<]
[2025-10-26 20:32:12,369 - cnn_classifier - INFO - yaml file:config\config.yaml loaded successfully]
[2025-10-26 20:32:12,371 - cnn_classifier - INFO - yaml file:params.yaml loaded successfully]
[2025-10-26 20:32:12,372 - cnn_classifier - INFO - created directory at:artifacts]
[2025-10-26 20:32:12,372 - cnn_classifier - INFO - created directory at:artifacts/data_ingestion]
[2025-10-26 20:32:12,373 - cnn_classifier - INFO - Downloading file from :https://drive.google.com/file/d/1SxC8AFRJO0TwDWjNs9yZR4WOO6oq0jmr/view?usp=sharing into file :artifacts\data_ingestion\data.zip]
[2025-10-26 20:33:49,415 - cnn_classifier - INFO - >>>>> stage Data Ingestion Stage started <<<<<]
[2025-10-26 20:33:49,419 - cnn_classifier - INFO - yaml file:config\config.yaml loaded successfully]
[2025-10-26 20:33:49,422 - cnn_classifier - INFO - yaml file:params.yaml loaded successfully]
[2025-10-26 20:33:49,423 - cnn_classifier - INFO - created directory at:artifacts]
[2025-10-26 20:33:49,423 - cnn_classifier - INFO - created directory at:artifacts/data_ingestion]
[2025-10-26 20:33:49,424 - cnn_classifier - INFO - Downloading file from :https://drive.google.com/file/d/1SxC8AFRJO0TwDWjNs9yZR4WOO6oq0jmr/view?usp=sharing into file :artifacts\data_ingestion\data.zip]
[2025-10-26 21:25:22,567 - cnn_classifier - INFO - Downloaded data from: https://drive.google.com/file/d/1SxC8AFRJO0TwDWjNs9yZR4WOO6oq0jmr/view?usp=sharing into file :artifacts\data_ingestion\data.zip of size :~ 1589765 KB]
[2025-10-26 21:25:49,318 - cnn_classifier - INFO - >>>>> stage Data Ingestion Stage completed <<<<<

x==========x]
[2025-10-26 21:25:49,318 - cnn_classifier - INFO - >>>>> stage Base Model Preparation Stage started <<<<<]
[2025-10-26 21:25:49,349 - cnn_classifier - INFO - yaml file:config\config.yaml loaded successfully]
[2025-10-26 21:25:49,354 - cnn_classifier - INFO - yaml file:params.yaml loaded successfully]
[2025-10-26 21:25:49,356 - cnn_classifier - INFO - created directory at:artifacts]
[2025-10-26 21:25:49,359 - cnn_classifier - INFO - created directory at:artifacts/prepare_base_model]
[2025-10-26 21:25:50,222 - absl - WARNING - You are saving your model as an HDF5 file via `model.save()` or `keras.saving.save_model(model)`. This file format is considered legacy. We recommend using instead the native Keras format, e.g. `model.save('my_model.keras')` or `keras.saving.save_model(model, 'my_model.keras')`. ]
[2025-10-26 21:25:51,292 - absl - WARNING - You are saving your model as an HDF5 file via `model.save()` or `keras.saving.save_model(model)`. This file format is considered legacy. We recommend using instead the native Keras format, e.g. `model.save('my_model.keras')` or `keras.saving.save_model(model, 'my_model.keras')`. ]
[2025-10-26 21:25:51,822 - cnn_classifier - INFO - >>>>> stage Base Model Preparation Stage completed <<<<<

x==========x]
[2025-10-26 21:25:51,845 - cnn_classifier - INFO - >>>>> stage Model Training Stage started <<<<<]
[2025-10-26 21:25:54,260 - cnn_classifier - INFO - yaml file:config\config.yaml loaded successfully]
[2025-10-26 21:25:54,269 - cnn_classifier - INFO - yaml file:params.yaml loaded successfully]
[2025-10-26 21:25:54,276 - cnn_classifier - INFO - created directory at:artifacts]
[2025-10-26 21:25:54,289 - cnn_classifier - INFO - created directory at:artifacts\training]
[2025-10-26 21:26:02,241 - cnn_classifier - INFO - >>>>> stage Model Training Stage completed <<<<<

x==========x]
[2025-10-26 23:28:17,273 - cnn_classifier - INFO - >>>>> stage Data Ingestion Stage started <<<<<]
[2025-10-26 23:28:17,284 - cnn_classifier - INFO - yaml file:config\config.yaml loaded successfully]
[2025-10-26 23:28:17,290 - cnn_classifier - INFO - yaml file:params.yaml loaded successfully]
[2025-10-26 23:28:17,292 - cnn_classifier - INFO - created directory at:artifacts]
[2025-10-26 23:28:17,293 - cnn_classifier - INFO - created directory at:artifacts/data_ingestion/CT-KIDNEY-DATASET-Normal-Cyst-Tumor-Stone]
[2025-10-26 23:28:17,296 - cnn_classifier - INFO - Downloading file from :https://drive.google.com/file/d/1SxC8AFRJO0TwDWjNs9yZR4WOO6oq0jmr/view?usp=sharing into file :artifacts\data_ingestion\data.zip]
[2025-10-26 23:32:18,580 - cnn_classifier - INFO - >>>>> stage Data Ingestion Stage started <<<<<]
[2025-10-26 23:32:18,592 - cnn_classifier - INFO - yaml file:config\config.yaml loaded successfully]
[2025-10-26 23:32:18,599 - cnn_classifier - INFO - yaml file:params.yaml loaded successfully]
[2025-10-26 23:32:18,602 - cnn_classifier - INFO - created directory at:artifacts]
[2025-10-26 23:32:18,604 - cnn_classifier - INFO - created directory at:artifacts/data_ingestion/CT-KIDNEY-DATASET-Normal-Cyst-Tumor-Stone]
[2025-10-26 23:32:18,609 - cnn_classifier - INFO - Downloading file from :https://drive.google.com/file/d/1SxC8AFRJO0TwDWjNs9yZR4WOO6oq0jmr/view?usp=sharing into file :artifacts\data_ingestion\data.zip]
[2025-10-27 00:27:23,088 - cnn_classifier - INFO - Downloaded data from: https://drive.google.com/file/d/1SxC8AFRJO0TwDWjNs9yZR4WOO6oq0jmr/view?usp=sharing into file :artifacts\data_ingestion\data.zip of size :~ 1589765 KB]
[2025-10-27 00:27:50,607 - cnn_classifier - INFO - >>>>> stage Data Ingestion Stage completed <<<<<

x==========x]
[2025-10-27 00:27:50,607 - cnn_classifier - INFO - >>>>> stage Base Model Preparation Stage started <<<<<]
[2025-10-27 00:27:50,618 - cnn_classifier - INFO - yaml file:config\config.yaml loaded successfully]
[2025-10-27 00:27:50,624 - cnn_classifier - INFO - yaml file:params.yaml loaded successfully]
[2025-10-27 00:27:50,626 - cnn_classifier - INFO - created directory at:artifacts]
[2025-10-27 00:27:50,627 - cnn_classifier - INFO - created directory at:artifacts/prepare_base_model]
[2025-10-27 00:27:51,809 - absl - WARNING - You are saving your model as an HDF5 file via `model.save()` or `keras.saving.save_model(model)`. This file format is considered legacy. We recommend using instead the native Keras format, e.g. `model.save('my_model.keras')` or `keras.saving.save_model(model, 'my_model.keras')`. ]
[2025-10-27 00:27:52,852 - absl - WARNING - You are saving your model as an HDF5 file via `model.save()` or `keras.saving.save_model(model)`. This file format is considered legacy. We recommend using instead the native Keras format, e.g. `model.save('my_model.keras')` or `keras.saving.save_model(model, 'my_model.keras')`. ]
[2025-10-27 00:27:53,042 - cnn_classifier - INFO - >>>>> stage Base Model Preparation Stage completed <<<<<

x==========x]
[2025-10-27 00:27:53,042 - cnn_classifier - INFO - >>>>> stage Model Training Stage started <<<<<]
[2025-10-27 00:27:54,161 - cnn_classifier - INFO - yaml file:config\config.yaml loaded successfully]
[2025-10-27 00:27:54,163 - cnn_classifier - INFO - yaml file:params.yaml loaded successfully]
[2025-10-27 00:27:54,164 - cnn_classifier - INFO - created directory at:artifacts]
[2025-10-27 00:27:54,164 - cnn_classifier - INFO - created directory at:artifacts\training]
[2025-10-27 00:27:58,109 - cnn_classifier - INFO - >>>>> stage Model Training Stage completed <<<<<

x==========x]
[2025-10-27 09:55:32,895 - cnn_classifier - INFO - >>>>> stage Data Ingestion Stage started <<<<<]
[2025-10-27 09:55:32,900 - cnn_classifier - INFO - yaml file:config\config.yaml loaded successfully]
[2025-10-27 09:55:32,919 - cnn_classifier - INFO - yaml file:params.yaml loaded successfully]
[2025-10-27 09:55:32,923 - cnn_classifier - INFO - created directory at:artifacts]
[2025-10-27 09:55:32,924 - cnn_classifier - INFO - created directory at:artifacts/data_ingestion]
[2025-10-27 09:55:34,274 - cnn_classifier - INFO - artifacts\data_ingestion\data.zip download! with following info: 
Content-Type: text/html; charset=utf-8
X-Robots-Tag: noindex, nofollow, nosnippet
Cache-Control: no-cache, no-store, max-age=0, must-revalidate
Pragma: no-cache
Expires: Mon, 01 Jan 1990 00:00:00 GMT
Date: Mon, 27 Oct 2025 04:25:33 GMT
P3P: CP="This is not a P3P policy! See g.co/p3phelp for more info."
Content-Security-Policy: require-trusted-types-for 'script';report-uri https://csp.withgoogle.com/csp/docs-tt
Reporting-Endpoints: default="/file/d/1SxC8AFRJO0TwDWjNs9yZR4WOO6oq0jmr/web-reports?bl=apps-fileview.texmex_20251017.01_p0&app=15&clss=1&context=eJwVyXlc0_cdx_GY_L5vUQRCUAmgEBMEIkWhq4oYjhiOOO95BB5OqBdWRYsDUTxQRBR1FGeZrvUACSoSogLtWorHqiBK1VJcdcWjHXJYwOqsV6UP2ds_no_H-_N5DWxSFTlYZHZHi-wl6QdZZFalRbZRbZFV-VlkH-ktsr5RFln_QIssMMgiywm2yELzLTIzJS6Jl61-a1S3PINmtz6Vz6fJU36Vz6KzW5_L66g6-7m8lo6ufCk_SUcNr-QnqTD8lfwQDUx-JVfRg92v5N2U0fibPIv8Va_lY6i1-LW8i270vZHfIs3wPnkAOWT2yZXUZu2n6KGh9XKFNz34k0LRTRuzFYocOrJDoThOJe0KRTldHiApbpDscZjkQPefTZQ6aPcBg7SPUkPDpfWU5hshbaQeS5T0jNLNRmkTBU0xSmPpXI5Ruk76_UZpAvU-MkqKX4xS5KZJUhxtsk2StpPePkkKoVWpJmktNWSYpG-pJtMkXaWq0ybpK3KqNklDKPdzk5RPztpoaSh9Gxgj3SblihhJTbvWxEh_I_P5GGkmOTSwvdXJToVjY6VDlLgkVlpNtrQ4qZYaV5qlZspxmyztoYD-f5SCac_sIvEx7fygSBTQoS-KRClp5haLYPrkWbE4SjNUJSKJPL1KhJas40tENZVNLxFnSD3YKgJomYdVrKOvLllFI3nUWYWeXO9y09zHVrGAxieWijhyXF4q3Kg5pVS0UFZbqdhBKxYfExtoTuUx8WdSnDsuHMm64YSw0bntJ0Q9BfmUibH014QyUUiNeWWimc72lIlr1PJzuWilX7vKRS89fscmXlLCdJtYSJuX2EQuqbJswpMmn7SJWfRyV4Xoo5_zK8RvlBRoF8voarJd_EC5X9tFPhW-sYtSmu5_Sswj5cxTQkPNi06JFspYfUpk0S17l7hPi4u6RRo9udItXtGziB7xOx242COKqH_CI-FCNz99JO6Q6rwjzC2OmEazXzsinmwHB-EMXT80CM1U1DYIJ6jOxQnXKHOVE3ZR2JdOmER7up2wl2ZFOmMeabY5I4Am1jvDRO_9wQUGup7sgmb6_ogL7lH5MSWqKO-kEvlUUK5EIQ3pVWIkdc13xVOqrXLFJaoNVuES1U1U4Splat2QTc3vu6GFFIvc4EhLWwZjLbXeHYwuasocgv-Qy84hcKdvjg7FTVp3dyi20NTF7phDq1PckUGeMjW0VKlRo4Z8tGqMIddkNTzoil2NJmq7qkYP7QrzwEd0pdgDTTTV6oE5VL3bE7U07oknIqjypSdq6J0VXniP1uzwQgbV53vhOsXv9cL7dHrLMHxG1duG4Uu6XDMMN8juPRzn6EXlcPRSUftwlNIMX2_MoY0Z3sihaRXeMDz2RjQ16HxwmzZM9cE2ykn2QR75fe6D0dQLDRT9NYgM1SCOBqzQQF6jwUB6eEODR_SjdQQ6KbRsBMzkMEYLJV0M06KZ1n6oRS4V0xn6IV2L_9LHxVocpFlvtEig-yE6dJAyUgc1lc_V4TTVLdfhGi08rkMypdfosIlu_luHOxTWq0MkjUn0RcenvviFPvzeF-lvJY5EJqn2j4QnnZ_nh8tkivfDFFqn8IdTrj8mVPgjgupFAK7TMNcAjKCRugCMou-OBOAWneoIwD9ppaRHGgW46BFEwUo9Qmmrqx55VOmmRw3ZButRTZ2RYeihvfFh-Dt5VUyEjmoqJ-I81SsNaCQ_tQGB1OFrQDc5mw1wI5cZBrjTT1ls1NpgQCe9uGdAL-2UhaOA_rE_HMX08GA4HlHn5gj00JV9EWiiVt9IdFG_kEiApvlFYQFFBUXBTAsOR2ERnabPqJ4aacvJKGyntLoobKQBI41wpRCTERMoIc-IhTTusBERVN5oRBUldPFPM2JMmEObY03IpXspJrTT4VUmlFDmehOyKT3bhE30ZL8Jz6m7hpsu3DGhjs7Oj0YdFfwlGoXU9100-jdHA4-j4UwfBMVgFb2wxeANFZyJwQG6qIpFI83NisU3W2Nxk7b-KxZ5tOh_sVhGeb_HwpAaByOFpschipwr4jCUGu1xaKauu3F4SltGm7GTZo0zYx7ZqYpm_GSGhUIftiKckm8_QAZ1zWzDU0pJakM6Tf-6DYnUENmOa7TE1o6cC-3IowIqpINUTCk_tmMN-Wd3YAylXuzAenrj3gmoO7GvpxNVn3ThC1INcjj3sLcByr21bRf6eUrzli9dp9UtTE1NC0penrI0g-fo9KXrVy1dn_Ru8LtjQ4JDxo8ODklKDf4_pwVG4g&build-label=apps-fileview.texmex_20251017.01_p0&imp-sid=CM75tNLEw5ADFXfn3gIdaTM8sg&is-cached-offline=false"
Document-Policy: include-js-call-stacks-in-crash-reports
Referrer-Policy: origin
X-Content-Type-Options: nosniff
X-Frame-Options: SAMEORIGIN
X-XSS-Protection: 1; mode=block
Server: GSE
Set-Cookie: NID=526=KsnYexTXZINtkGr-n38M6I-LN2vOI7bxYYgtq05nHMuEo011zLMOBXDlGEFJGXdUoyjWHrSoFb4VfzStgFAN-Aj8xzI3j-b8H-D4pTCwWFWRKN0uj8Fp7GUuFBoKqoIZ9unsWn4T1ZeZkrXW5JgMfXN_fS7Q8UpXegadWLYCAOmmCcMn4ykNB631nes7h4-cAA; expires=Tue, 28-Apr-2026 04:25:33 GMT; path=/; domain=.google.com; HttpOnly
Alt-Svc: h3=":443"; ma=2592000,h3-29=":443"; ma=2592000
Accept-Ranges: none
Vary: Sec-Fetch-Dest, Sec-Fetch-Mode, Sec-Fetch-Site,Accept-Encoding
Connection: close
Transfer-Encoding: chunked

]
[2025-10-27 09:55:34,965 - cnn_classifier - ERROR - File is not a zip file]
Traceback (most recent call last):
  File "d:\Kidney-Disease-classification-cnn\main.py", line 15, in <module>
    obj.main()
    ~~~~~~~~^^
  File "D:\Kidney-Disease-classification-cnn\src\cnn_classifier\pipeline\stage_01_data_ingestion.py", line 15, in main
    data_integestion.extract_zip_file()
    ~~~~~~~~~~~~~~~~~~~~~~~~~~~~~~~~~^^
  File "D:\Kidney-Disease-classification-cnn\src\cnn_classifier\components\data_ingestion.py", line 70, in extract_zip_file
    with zipfile.ZipFile(self.config.local_data_file, 'r') as zip_ref:
         ~~~~~~~~~~~~~~~^^^^^^^^^^^^^^^^^^^^^^^^^^^^^^^^^^
  File "C:\Users\new user farhat\AppData\Local\Programs\Python\Python313\Lib\zipfile\__init__.py", line 1385, in __init__
    self._RealGetContents()
    ~~~~~~~~~~~~~~~~~~~~~^^
  File "C:\Users\new user farhat\AppData\Local\Programs\Python\Python313\Lib\zipfile\__init__.py", line 1452, in _RealGetContents
    raise BadZipFile("File is not a zip file")
zipfile.BadZipFile: File is not a zip file
[2025-10-27 10:04:37,919 - cnn_classifier - INFO - >>>>> stage Data Ingestion Stage started <<<<<]
[2025-10-27 10:04:37,923 - cnn_classifier - INFO - yaml file:config\config.yaml loaded successfully]
[2025-10-27 10:04:37,925 - cnn_classifier - INFO - yaml file:params.yaml loaded successfully]
[2025-10-27 10:04:37,926 - cnn_classifier - INFO - created directory at:artifacts]
[2025-10-27 10:04:37,926 - cnn_classifier - INFO - created directory at:artifacts/data_ingestion]
[2025-10-27 10:04:37,927 - cnn_classifier - INFO - Downloading file from: https://drive.google.com/file/d/1SxC8AFRJO0TwDWjNs9yZR4WOO6oq0jmr/view?usp=sharing into file: artifacts\data_ingestion\data.zip]
[2025-10-27 10:04:37,927 - cnn_classifier - INFO - Download URL: https://drive.google.com/uc?export=download&id=1SxC8AFRJO0TwDWjNs9yZR4WOO6oq0jmr]
[2025-10-27 10:58:10,166 - cnn_classifier - INFO - Downloaded data from: https://drive.google.com/file/d/1SxC8AFRJO0TwDWjNs9yZR4WOO6oq0jmr/view?usp=sharing into file: artifacts\data_ingestion\data.zip of size: ~ 1589765 KB]
[2025-10-27 10:58:38,281 - cnn_classifier - INFO - Zip file extracted successfully]
[2025-10-27 10:58:38,282 - cnn_classifier - INFO - Checking for nested folder structure...]
[2025-10-27 10:58:38,283 - cnn_classifier - INFO - Directory structure is already correct]
[2025-10-27 10:58:38,288 - cnn_classifier - INFO - >>>>> stage Data Ingestion Stage completed <<<<<

x==========x]
[2025-10-27 10:58:38,289 - cnn_classifier - INFO - >>>>> stage Base Model Preparation Stage started <<<<<]
[2025-10-27 10:58:38,294 - cnn_classifier - INFO - yaml file:config\config.yaml loaded successfully]
[2025-10-27 10:58:38,298 - cnn_classifier - INFO - yaml file:params.yaml loaded successfully]
[2025-10-27 10:58:38,299 - cnn_classifier - INFO - created directory at:artifacts]
[2025-10-27 10:58:38,303 - cnn_classifier - INFO - created directory at:artifacts/prepare_base_model]
[2025-10-27 10:58:39,162 - absl - WARNING - You are saving your model as an HDF5 file via `model.save()` or `keras.saving.save_model(model)`. This file format is considered legacy. We recommend using instead the native Keras format, e.g. `model.save('my_model.keras')` or `keras.saving.save_model(model, 'my_model.keras')`. ]
[2025-10-27 10:58:39,521 - absl - WARNING - You are saving your model as an HDF5 file via `model.save()` or `keras.saving.save_model(model)`. This file format is considered legacy. We recommend using instead the native Keras format, e.g. `model.save('my_model.keras')` or `keras.saving.save_model(model, 'my_model.keras')`. ]
[2025-10-27 10:58:39,714 - cnn_classifier - INFO - >>>>> stage Base Model Preparation Stage completed <<<<<

x==========x]
[2025-10-27 10:58:39,715 - cnn_classifier - INFO - >>>>> stage Model Training Stage started <<<<<]
[2025-10-27 10:58:41,261 - cnn_classifier - INFO - yaml file:config\config.yaml loaded successfully]
[2025-10-27 10:58:41,263 - cnn_classifier - INFO - yaml file:params.yaml loaded successfully]
[2025-10-27 10:58:41,264 - cnn_classifier - INFO - created directory at:artifacts]
[2025-10-27 10:58:41,265 - cnn_classifier - INFO - created directory at:artifacts\training]
[2025-10-27 10:58:48,151 - cnn_classifier - INFO - >>>>> stage Model Training Stage completed <<<<<

x==========x]
[2025-10-27 11:29:00,522 - cnn_classifier - INFO - >>>>> stage Data Ingestion Stage started <<<<<]
[2025-10-27 11:29:00,537 - cnn_classifier - INFO - yaml file:config\config.yaml loaded successfully]
[2025-10-27 11:29:00,558 - cnn_classifier - INFO - yaml file:params.yaml loaded successfully]
[2025-10-27 11:29:00,561 - cnn_classifier - INFO - created directory at:artifacts]
[2025-10-27 11:29:00,562 - cnn_classifier - INFO - created directory at:artifacts/data_ingestion]
[2025-10-27 11:29:00,563 - cnn_classifier - INFO - Downloading file from :https://drive.google.com/file/d/1SxC8AFRJO0TwDWjNs9yZR4WOO6oq0jmr/view?usp=sharing into file :artifacts\data_ingestion\data.zip]
[2025-10-27 12:20:43,985 - cnn_classifier - INFO - Downloaded data from: https://drive.google.com/file/d/1SxC8AFRJO0TwDWjNs9yZR4WOO6oq0jmr/view?usp=sharing into file :artifacts\data_ingestion\data.zip of size :~ 1589765 KB]
[2025-10-27 12:21:14,406 - cnn_classifier - INFO - >>>>> stage Data Ingestion Stage completed <<<<<

x==========x]
[2025-10-27 12:21:14,407 - cnn_classifier - INFO - >>>>> stage Base Model Preparation Stage started <<<<<]
[2025-10-27 12:21:14,416 - cnn_classifier - INFO - yaml file:config\config.yaml loaded successfully]
[2025-10-27 12:21:14,421 - cnn_classifier - INFO - yaml file:params.yaml loaded successfully]
[2025-10-27 12:21:14,423 - cnn_classifier - INFO - created directory at:artifacts]
[2025-10-27 12:21:14,424 - cnn_classifier - INFO - created directory at:artifacts/prepare_base_model]
[2025-10-27 12:21:15,613 - absl - WARNING - You are saving your model as an HDF5 file via `model.save()` or `keras.saving.save_model(model)`. This file format is considered legacy. We recommend using instead the native Keras format, e.g. `model.save('my_model.keras')` or `keras.saving.save_model(model, 'my_model.keras')`. ]
[2025-10-27 12:21:18,018 - absl - WARNING - You are saving your model as an HDF5 file via `model.save()` or `keras.saving.save_model(model)`. This file format is considered legacy. We recommend using instead the native Keras format, e.g. `model.save('my_model.keras')` or `keras.saving.save_model(model, 'my_model.keras')`. ]
[2025-10-27 12:21:18,188 - cnn_classifier - INFO - >>>>> stage Base Model Preparation Stage completed <<<<<

x==========x]
[2025-10-27 12:21:18,189 - cnn_classifier - INFO - >>>>> stage Model Training Stage started <<<<<]
[2025-10-27 12:21:19,760 - cnn_classifier - INFO - yaml file:config\config.yaml loaded successfully]
[2025-10-27 12:21:19,762 - cnn_classifier - INFO - yaml file:params.yaml loaded successfully]
[2025-10-27 12:21:19,763 - cnn_classifier - INFO - created directory at:artifacts]
[2025-10-27 12:21:19,764 - cnn_classifier - INFO - created directory at:artifacts\training]
[2025-10-27 12:21:26,908 - cnn_classifier - INFO - >>>>> stage Model Training Stage completed <<<<<

x==========x]
[2025-10-30 10:33:53,512 - cnn_classifier - INFO - >>>>> stage Data Ingestion Stage started <<<<<]
[2025-10-30 10:33:53,538 - cnn_classifier - INFO - yaml file:config\config.yaml loaded successfully]
[2025-10-30 10:33:53,569 - cnn_classifier - INFO - yaml file:params.yaml loaded successfully]
[2025-10-30 10:33:53,572 - cnn_classifier - INFO - created directory at:artifacts]
[2025-10-30 10:33:53,574 - cnn_classifier - INFO - created directory at:artifacts/data_ingestion]
[2025-10-30 10:33:53,580 - cnn_classifier - INFO - Downloading file from :https://drive.google.com/file/d/1SxC8AFRJO0TwDWjNs9yZR4WOO6oq0jmr/view?usp=sharing into file :artifacts\data_ingestion\data.zip]
[2025-10-30 22:46:26,443 - cnn_classifier - INFO - yaml file:config\config.yaml loaded successfully]
[2025-10-30 22:46:26,463 - cnn_classifier - INFO - yaml file:params.yaml loaded successfully]
[2025-10-30 22:46:26,467 - cnn_classifier - INFO - created directory at:artifacts]
[2025-10-30 22:46:26,470 - cnn_classifier - INFO - created directory at:artifacts/data_ingestion]
[2025-10-30 22:46:26,472 - cnn_classifier - INFO - Downloading file from :https://drive.google.com/file/d/15AWxlgsbETlz277Hqc_9bt39EqIuwfNj/view?usp=sharing into file :artifacts\data_ingestion\data.zip]
[2025-10-31 00:00:50,089 - cnn_classifier - INFO - yaml file:config\config.yaml loaded successfully]
[2025-10-31 00:00:50,093 - cnn_classifier - INFO - yaml file:params.yaml loaded successfully]
[2025-10-31 00:00:50,095 - cnn_classifier - INFO - created directory at:artifacts]
[2025-10-31 00:00:50,096 - cnn_classifier - INFO - created directory at:artifacts/data_ingestion]
[2025-10-31 00:00:50,099 - cnn_classifier - INFO - Downloading file from :https://drive.google.com/file/d/15AWxlgsbETlz277Hqc_9bt39EqIuwfNj/view?usp=sharing into file :artifacts\data_ingestion\data.zip]
[2025-10-31 05:28:00,354 - cnn_classifier - INFO - yaml file:config\config.yaml loaded successfully]
[2025-10-31 05:28:00,379 - cnn_classifier - INFO - yaml file:params.yaml loaded successfully]
[2025-10-31 05:28:00,381 - cnn_classifier - INFO - created directory at:artifacts]
[2025-10-31 05:28:00,383 - cnn_classifier - INFO - created directory at:artifacts/data_ingestion]
[2025-10-31 05:28:00,385 - cnn_classifier - INFO - Downloading file from :https://drive.google.com/file/d/15AWxlgsbETlz277Hqc_9bt39EqIuwfNj/view?usp=sharing into file :artifacts\data_ingestion\data.zip]
[2025-10-31 05:58:29,399 - cnn_classifier - INFO - Downloaded data from: https://drive.google.com/file/d/15AWxlgsbETlz277Hqc_9bt39EqIuwfNj/view?usp=sharing into file :artifacts\data_ingestion\data.zip of size :~ 917945 KB]
[2025-10-31 10:52:47,979 - cnn_classifier - INFO - >>>>> stage Data Ingestion Stage started <<<<<]
[2025-10-31 10:52:47,982 - cnn_classifier - INFO - yaml file:config\config.yaml loaded successfully]
[2025-10-31 10:52:48,000 - cnn_classifier - INFO - yaml file:params.yaml loaded successfully]
[2025-10-31 10:52:48,002 - cnn_classifier - INFO - created directory at:artifacts]
[2025-10-31 10:52:48,004 - cnn_classifier - INFO - created directory at:artifacts/data_ingestion]
[2025-10-31 10:52:48,005 - cnn_classifier - INFO - Downloading file from :https://drive.google.com/file/d/15AWxlgsbETlz277Hqc_9bt39EqIuwfNj/view?usp=sharing into file :artifacts\data_ingestion\data.zip]
[2025-10-31 11:28:45,679 - cnn_classifier - INFO - Downloaded data from: https://drive.google.com/file/d/15AWxlgsbETlz277Hqc_9bt39EqIuwfNj/view?usp=sharing into file :artifacts\data_ingestion\data.zip of size :~ 917945 KB]
[2025-10-31 11:29:03,804 - cnn_classifier - INFO - >>>>> stage Data Ingestion Stage completed <<<<<

x==========x]
[2025-10-31 11:29:03,804 - cnn_classifier - INFO - >>>>> stage Base Model Preparation Stage started <<<<<]
[2025-10-31 11:29:03,832 - cnn_classifier - INFO - yaml file:config\config.yaml loaded successfully]
[2025-10-31 11:29:03,847 - cnn_classifier - INFO - yaml file:params.yaml loaded successfully]
[2025-10-31 11:29:03,857 - cnn_classifier - INFO - created directory at:artifacts]
[2025-10-31 11:29:03,858 - cnn_classifier - INFO - created directory at:artifacts/prepare_base_model]
[2025-10-31 11:29:06,292 - absl - WARNING - You are saving your model as an HDF5 file via `model.save()` or `keras.saving.save_model(model)`. This file format is considered legacy. We recommend using instead the native Keras format, e.g. `model.save('my_model.keras')` or `keras.saving.save_model(model, 'my_model.keras')`. ]
[2025-10-31 11:29:06,782 - absl - WARNING - You are saving your model as an HDF5 file via `model.save()` or `keras.saving.save_model(model)`. This file format is considered legacy. We recommend using instead the native Keras format, e.g. `model.save('my_model.keras')` or `keras.saving.save_model(model, 'my_model.keras')`. ]
[2025-10-31 11:29:07,196 - cnn_classifier - INFO - >>>>> stage Base Model Preparation Stage completed <<<<<

x==========x]
[2025-10-31 11:29:07,197 - cnn_classifier - INFO - >>>>> stage Model Training Stage started <<<<<]
[2025-10-31 11:29:09,502 - cnn_classifier - INFO - yaml file:config\config.yaml loaded successfully]
[2025-10-31 11:29:09,504 - cnn_classifier - INFO - yaml file:params.yaml loaded successfully]
[2025-10-31 11:29:09,506 - cnn_classifier - INFO - created directory at:artifacts]
[2025-10-31 11:29:09,507 - cnn_classifier - INFO - created directory at:artifacts\training]
[2025-10-31 11:29:09,985 - cnn_classifier - INFO - >>>>> stage Model Training Stage completed <<<<<

x==========x]
[2025-10-31 11:31:55,910 - cnn_classifier - INFO - >>>>> stage Data Ingestion Stage started <<<<<]
[2025-10-31 11:31:55,916 - cnn_classifier - INFO - yaml file:config\config.yaml loaded successfully]
[2025-10-31 11:31:55,930 - cnn_classifier - INFO - yaml file:params.yaml loaded successfully]
[2025-10-31 11:31:55,935 - cnn_classifier - INFO - created directory at:artifacts]
[2025-10-31 11:31:55,943 - cnn_classifier - INFO - created directory at:artifacts/data_ingestion]
[2025-10-31 11:31:55,945 - cnn_classifier - INFO - Downloading file from :https://drive.google.com/file/d/15AWxlgsbETlz277Hqc_9bt39EqIuwfNj/view?usp=sharing into file :artifacts\data_ingestion\data.zip]
[2025-10-31 19:14:35,309 - cnn_classifier - ERROR - ("Connection broken: ConnectionAbortedError(10053, 'An established connection was aborted by the software in your host machine', None, 10053, None)", ConnectionAbortedError(10053, 'An established connection was aborted by the software in your host machine', None, 10053, None))]
Traceback (most recent call last):
  File "D:\Kidney-Disease-classification-cnn\.venv\Lib\site-packages\urllib3\response.py", line 779, in _error_catcher
    yield
  File "D:\Kidney-Disease-classification-cnn\.venv\Lib\site-packages\urllib3\response.py", line 904, in _raw_read
    data = self._fp_read(amt, read1=read1) if not fp_closed else b""
           ~~~~~~~~~~~~~^^^^^^^^^^^^^^^^^^
  File "D:\Kidney-Disease-classification-cnn\.venv\Lib\site-packages\urllib3\response.py", line 887, in _fp_read
    return self._fp.read(amt) if amt is not None else self._fp.read()
           ~~~~~~~~~~~~~^^^^^
  File "C:\Users\new user farhat\AppData\Local\Programs\Python\Python313\Lib\http\client.py", line 479, in read
    s = self.fp.read(amt)
  File "C:\Users\new user farhat\AppData\Local\Programs\Python\Python313\Lib\socket.py", line 719, in readinto
    return self._sock.recv_into(b)
           ~~~~~~~~~~~~~~~~~~~~^^^
  File "C:\Users\new user farhat\AppData\Local\Programs\Python\Python313\Lib\ssl.py", line 1304, in recv_into
    return self.read(nbytes, buffer)
           ~~~~~~~~~^^^^^^^^^^^^^^^^
  File "C:\Users\new user farhat\AppData\Local\Programs\Python\Python313\Lib\ssl.py", line 1138, in read
    return self._sslobj.read(len, buffer)
           ~~~~~~~~~~~~~~~~~^^^^^^^^^^^^^
ConnectionAbortedError: [WinError 10053] An established connection was aborted by the software in your host machine

The above exception was the direct cause of the following exception:

Traceback (most recent call last):
  File "D:\Kidney-Disease-classification-cnn\.venv\Lib\site-packages\requests\models.py", line 820, in generate
    yield from self.raw.stream(chunk_size, decode_content=True)
  File "D:\Kidney-Disease-classification-cnn\.venv\Lib\site-packages\urllib3\response.py", line 1091, in stream
    data = self.read(amt=amt, decode_content=decode_content)
  File "D:\Kidney-Disease-classification-cnn\.venv\Lib\site-packages\urllib3\response.py", line 980, in read
    data = self._raw_read(amt)
  File "D:\Kidney-Disease-classification-cnn\.venv\Lib\site-packages\urllib3\response.py", line 903, in _raw_read
    with self._error_catcher():
         ~~~~~~~~~~~~~~~~~~~^^
  File "C:\Users\new user farhat\AppData\Local\Programs\Python\Python313\Lib\contextlib.py", line 162, in __exit__
    self.gen.throw(value)
    ~~~~~~~~~~~~~~^^^^^^^
  File "D:\Kidney-Disease-classification-cnn\.venv\Lib\site-packages\urllib3\response.py", line 806, in _error_catcher
    raise ProtocolError(f"Connection broken: {e!r}", e) from e
urllib3.exceptions.ProtocolError: ("Connection broken: ConnectionAbortedError(10053, 'An established connection was aborted by the software in your host machine', None, 10053, None)", ConnectionAbortedError(10053, 'An established connection was aborted by the software in your host machine', None, 10053, None))

During handling of the above exception, another exception occurred:

Traceback (most recent call last):
  File "d:\Kidney-Disease-classification-cnn\main.py", line 15, in <module>
    obj.main()
    ~~~~~~~~^^
  File "D:\Kidney-Disease-classification-cnn\src\cnn_classifier\pipeline\stage_01_data_ingestion.py", line 14, in main
    data_integestion.download_file()
    ~~~~~~~~~~~~~~~~~~~~~~~~~~~~~~^^
  File "D:\Kidney-Disease-classification-cnn\src\cnn_classifier\components\data_ingestion.py", line 28, in download_file
    raise e
  File "D:\Kidney-Disease-classification-cnn\src\cnn_classifier\components\data_ingestion.py", line 23, in download_file
    gdown.download(prefix+file_id, str(zip_download_dir))
    ~~~~~~~~~~~~~~^^^^^^^^^^^^^^^^^^^^^^^^^^^^^^^^^^^^^^^
  File "D:\Kidney-Disease-classification-cnn\.venv\Lib\site-packages\gdown\download.py", line 368, in download
    for chunk in res.iter_content(chunk_size=CHUNK_SIZE):
                 ~~~~~~~~~~~~~~~~^^^^^^^^^^^^^^^^^^^^^^^
  File "D:\Kidney-Disease-classification-cnn\.venv\Lib\site-packages\requests\models.py", line 822, in generate
    raise ChunkedEncodingError(e)
requests.exceptions.ChunkedEncodingError: ("Connection broken: ConnectionAbortedError(10053, 'An established connection was aborted by the software in your host machine', None, 10053, None)", ConnectionAbortedError(10053, 'An established connection was aborted by the software in your host machine', None, 10053, None))
[2025-10-31 19:16:37,340 - cnn_classifier - INFO - >>>>> stage Data Ingestion Stage started <<<<<]
[2025-10-31 19:16:37,344 - cnn_classifier - INFO - yaml file:config\config.yaml loaded successfully]
[2025-10-31 19:16:37,346 - cnn_classifier - INFO - yaml file:params.yaml loaded successfully]
[2025-10-31 19:16:37,347 - cnn_classifier - INFO - created directory at:artifacts]
[2025-10-31 19:16:37,347 - cnn_classifier - INFO - created directory at:artifacts/data_ingestion]
[2025-10-31 19:16:37,348 - cnn_classifier - INFO - Downloading file from :https://drive.google.com/file/d/15AWxlgsbETlz277Hqc_9bt39EqIuwfNj/view?usp=sharing into file :artifacts\data_ingestion\data.zip]
[2025-10-31 19:50:52,943 - cnn_classifier - INFO - Downloaded data from: https://drive.google.com/file/d/15AWxlgsbETlz277Hqc_9bt39EqIuwfNj/view?usp=sharing into file :artifacts\data_ingestion\data.zip of size :~ 917945 KB]
[2025-10-31 19:51:09,547 - cnn_classifier - INFO - >>>>> stage Data Ingestion Stage completed <<<<<

x==========x]
[2025-10-31 19:51:09,548 - cnn_classifier - INFO - >>>>> stage Base Model Preparation Stage started <<<<<]
[2025-10-31 19:51:09,622 - cnn_classifier - INFO - yaml file:config\config.yaml loaded successfully]
[2025-10-31 19:51:09,647 - cnn_classifier - INFO - yaml file:params.yaml loaded successfully]
[2025-10-31 19:51:09,649 - cnn_classifier - INFO - created directory at:artifacts]
[2025-10-31 19:51:09,650 - cnn_classifier - INFO - created directory at:artifacts/prepare_base_model]
[2025-10-31 19:51:11,102 - absl - WARNING - You are saving your model as an HDF5 file via `model.save()` or `keras.saving.save_model(model)`. This file format is considered legacy. We recommend using instead the native Keras format, e.g. `model.save('my_model.keras')` or `keras.saving.save_model(model, 'my_model.keras')`. ]
[2025-10-31 19:51:11,455 - absl - WARNING - You are saving your model as an HDF5 file via `model.save()` or `keras.saving.save_model(model)`. This file format is considered legacy. We recommend using instead the native Keras format, e.g. `model.save('my_model.keras')` or `keras.saving.save_model(model, 'my_model.keras')`. ]
[2025-10-31 19:51:11,705 - cnn_classifier - INFO - >>>>> stage Base Model Preparation Stage completed <<<<<

x==========x]
[2025-10-31 19:51:11,706 - cnn_classifier - INFO - >>>>> stage Model Training Stage started <<<<<]
[2025-10-31 19:51:13,726 - cnn_classifier - INFO - yaml file:config\config.yaml loaded successfully]
[2025-10-31 19:51:13,728 - cnn_classifier - INFO - yaml file:params.yaml loaded successfully]
[2025-10-31 19:51:13,729 - cnn_classifier - INFO - created directory at:artifacts]
[2025-10-31 19:51:13,730 - cnn_classifier - INFO - created directory at:artifacts\training]
[2025-10-31 19:51:14,156 - cnn_classifier - INFO - >>>>> stage Model Training Stage completed <<<<<

x==========x]
[2025-10-31 22:10:57,650 - cnn_classifier - INFO - yaml file:config\config.yaml loaded successfully]
[2025-10-31 22:10:57,662 - cnn_classifier - INFO - yaml file:params.yaml loaded successfully]
[2025-10-31 22:10:57,666 - cnn_classifier - INFO - created directory at:artifacts]
[2025-10-31 22:10:57,673 - cnn_classifier - INFO - created directory at:artifacts\training]
[2025-10-31 22:13:57,732 - cnn_classifier - INFO - >>>>> stage Data Ingestion Stage started <<<<<]
[2025-10-31 22:13:57,763 - cnn_classifier - INFO - yaml file:config\config.yaml loaded successfully]
[2025-10-31 22:13:57,796 - cnn_classifier - INFO - yaml file:params.yaml loaded successfully]
[2025-10-31 22:13:57,818 - cnn_classifier - INFO - created directory at:artifacts]
[2025-10-31 22:13:57,870 - cnn_classifier - INFO - created directory at:artifacts/data_ingestion]
[2025-10-31 22:13:57,896 - cnn_classifier - INFO - Downloading file from :https://drive.google.com/file/d/15AWxlgsbETlz277Hqc_9bt39EqIuwfNj/view?usp=sharing into file :artifacts\data_ingestion\data.zip]
[2025-11-01 10:17:08,599 - cnn_classifier - ERROR - ("Connection broken: ConnectionAbortedError(10053, 'An established connection was aborted by the software in your host machine', None, 10053, None)", ConnectionAbortedError(10053, 'An established connection was aborted by the software in your host machine', None, 10053, None))]
Traceback (most recent call last):
  File "D:\Kidney-Disease-classification-cnn\.venv\Lib\site-packages\urllib3\response.py", line 779, in _error_catcher
    yield
  File "D:\Kidney-Disease-classification-cnn\.venv\Lib\site-packages\urllib3\response.py", line 904, in _raw_read
    data = self._fp_read(amt, read1=read1) if not fp_closed else b""
           ~~~~~~~~~~~~~^^^^^^^^^^^^^^^^^^
  File "D:\Kidney-Disease-classification-cnn\.venv\Lib\site-packages\urllib3\response.py", line 887, in _fp_read
    return self._fp.read(amt) if amt is not None else self._fp.read()
           ~~~~~~~~~~~~~^^^^^
  File "C:\Users\new user farhat\AppData\Local\Programs\Python\Python313\Lib\http\client.py", line 479, in read
    s = self.fp.read(amt)
  File "C:\Users\new user farhat\AppData\Local\Programs\Python\Python313\Lib\socket.py", line 719, in readinto
    return self._sock.recv_into(b)
           ~~~~~~~~~~~~~~~~~~~~^^^
  File "C:\Users\new user farhat\AppData\Local\Programs\Python\Python313\Lib\ssl.py", line 1304, in recv_into
    return self.read(nbytes, buffer)
           ~~~~~~~~~^^^^^^^^^^^^^^^^
  File "C:\Users\new user farhat\AppData\Local\Programs\Python\Python313\Lib\ssl.py", line 1138, in read
    return self._sslobj.read(len, buffer)
           ~~~~~~~~~~~~~~~~~^^^^^^^^^^^^^
ConnectionAbortedError: [WinError 10053] An established connection was aborted by the software in your host machine

The above exception was the direct cause of the following exception:

Traceback (most recent call last):
  File "D:\Kidney-Disease-classification-cnn\.venv\Lib\site-packages\requests\models.py", line 820, in generate
    yield from self.raw.stream(chunk_size, decode_content=True)
  File "D:\Kidney-Disease-classification-cnn\.venv\Lib\site-packages\urllib3\response.py", line 1091, in stream
    data = self.read(amt=amt, decode_content=decode_content)
  File "D:\Kidney-Disease-classification-cnn\.venv\Lib\site-packages\urllib3\response.py", line 980, in read
    data = self._raw_read(amt)
  File "D:\Kidney-Disease-classification-cnn\.venv\Lib\site-packages\urllib3\response.py", line 903, in _raw_read
    with self._error_catcher():
         ~~~~~~~~~~~~~~~~~~~^^
  File "C:\Users\new user farhat\AppData\Local\Programs\Python\Python313\Lib\contextlib.py", line 162, in __exit__
    self.gen.throw(value)
    ~~~~~~~~~~~~~~^^^^^^^
  File "D:\Kidney-Disease-classification-cnn\.venv\Lib\site-packages\urllib3\response.py", line 806, in _error_catcher
    raise ProtocolError(f"Connection broken: {e!r}", e) from e
urllib3.exceptions.ProtocolError: ("Connection broken: ConnectionAbortedError(10053, 'An established connection was aborted by the software in your host machine', None, 10053, None)", ConnectionAbortedError(10053, 'An established connection was aborted by the software in your host machine', None, 10053, None))

During handling of the above exception, another exception occurred:

Traceback (most recent call last):
  File "d:\Kidney-Disease-classification-cnn\main.py", line 15, in <module>
    obj.main()
    ~~~~~~~~^^
  File "D:\Kidney-Disease-classification-cnn\src\cnn_classifier\pipeline\stage_01_data_ingestion.py", line 14, in main
    data_integestion.download_file()
    ~~~~~~~~~~~~~~~~~~~~~~~~~~~~~~^^
  File "D:\Kidney-Disease-classification-cnn\src\cnn_classifier\components\data_ingestion.py", line 28, in download_file
    raise e
  File "D:\Kidney-Disease-classification-cnn\src\cnn_classifier\components\data_ingestion.py", line 23, in download_file
    gdown.download(prefix+file_id, str(zip_download_dir))
    ~~~~~~~~~~~~~~^^^^^^^^^^^^^^^^^^^^^^^^^^^^^^^^^^^^^^^
  File "D:\Kidney-Disease-classification-cnn\.venv\Lib\site-packages\gdown\download.py", line 368, in download
    for chunk in res.iter_content(chunk_size=CHUNK_SIZE):
                 ~~~~~~~~~~~~~~~~^^^^^^^^^^^^^^^^^^^^^^^
  File "D:\Kidney-Disease-classification-cnn\.venv\Lib\site-packages\requests\models.py", line 822, in generate
    raise ChunkedEncodingError(e)
requests.exceptions.ChunkedEncodingError: ("Connection broken: ConnectionAbortedError(10053, 'An established connection was aborted by the software in your host machine', None, 10053, None)", ConnectionAbortedError(10053, 'An established connection was aborted by the software in your host machine', None, 10053, None))
[2025-11-01 10:18:15,685 - cnn_classifier - INFO - >>>>> stage Data Ingestion Stage started <<<<<]
[2025-11-01 10:18:15,700 - cnn_classifier - INFO - yaml file:config\config.yaml loaded successfully]
[2025-11-01 10:18:15,716 - cnn_classifier - INFO - yaml file:params.yaml loaded successfully]
[2025-11-01 10:18:15,726 - cnn_classifier - INFO - created directory at:artifacts]
[2025-11-01 10:18:15,768 - cnn_classifier - INFO - created directory at:artifacts/data_ingestion]
[2025-11-01 10:18:15,807 - cnn_classifier - INFO - Downloading file from :https://drive.google.com/file/d/15AWxlgsbETlz277Hqc_9bt39EqIuwfNj/view?usp=sharing into file :artifacts\data_ingestion\data.zip]
[2025-11-01 10:50:49,415 - cnn_classifier - INFO - Downloaded data from: https://drive.google.com/file/d/15AWxlgsbETlz277Hqc_9bt39EqIuwfNj/view?usp=sharing into file :artifacts\data_ingestion\data.zip of size :~ 917945 KB]
[2025-11-01 10:51:04,704 - cnn_classifier - INFO - >>>>> stage Data Ingestion Stage completed <<<<<

x==========x]
[2025-11-01 10:51:04,704 - cnn_classifier - INFO - >>>>> stage Base Model Preparation Stage started <<<<<]
[2025-11-01 10:51:04,753 - cnn_classifier - INFO - yaml file:config\config.yaml loaded successfully]
[2025-11-01 10:51:04,776 - cnn_classifier - INFO - yaml file:params.yaml loaded successfully]
[2025-11-01 10:51:04,792 - cnn_classifier - INFO - created directory at:artifacts]
[2025-11-01 10:51:04,793 - cnn_classifier - INFO - created directory at:artifacts/prepare_base_model]
[2025-11-01 10:51:06,218 - absl - WARNING - You are saving your model as an HDF5 file via `model.save()` or `keras.saving.save_model(model)`. This file format is considered legacy. We recommend using instead the native Keras format, e.g. `model.save('my_model.keras')` or `keras.saving.save_model(model, 'my_model.keras')`. ]
[2025-11-01 10:51:06,550 - absl - WARNING - You are saving your model as an HDF5 file via `model.save()` or `keras.saving.save_model(model)`. This file format is considered legacy. We recommend using instead the native Keras format, e.g. `model.save('my_model.keras')` or `keras.saving.save_model(model, 'my_model.keras')`. ]
[2025-11-01 10:51:06,712 - cnn_classifier - INFO - >>>>> stage Base Model Preparation Stage completed <<<<<

x==========x]
[2025-11-01 10:51:06,713 - cnn_classifier - INFO - >>>>> stage Model Training Stage started <<<<<]
[2025-11-01 10:51:09,078 - cnn_classifier - INFO - yaml file:config\config.yaml loaded successfully]
[2025-11-01 10:51:09,080 - cnn_classifier - INFO - yaml file:params.yaml loaded successfully]
[2025-11-01 10:51:09,081 - cnn_classifier - INFO - created directory at:artifacts]
[2025-11-01 10:51:09,081 - cnn_classifier - INFO - created directory at:artifacts\training]
[2025-11-01 11:03:41,624 - absl - WARNING - You are saving your model as an HDF5 file via `model.save()` or `keras.saving.save_model(model)`. This file format is considered legacy. We recommend using instead the native Keras format, e.g. `model.save('my_model.keras')` or `keras.saving.save_model(model, 'my_model.keras')`. ]
[2025-11-01 11:34:16,309 - absl - WARNING - You are saving your model as an HDF5 file via `model.save()` or `keras.saving.save_model(model)`. This file format is considered legacy. We recommend using instead the native Keras format, e.g. `model.save('my_model.keras')` or `keras.saving.save_model(model, 'my_model.keras')`. ]
[2025-11-01 11:46:36,457 - absl - WARNING - You are saving your model as an HDF5 file via `model.save()` or `keras.saving.save_model(model)`. This file format is considered legacy. We recommend using instead the native Keras format, e.g. `model.save('my_model.keras')` or `keras.saving.save_model(model, 'my_model.keras')`. ]
[2025-11-01 12:16:30,851 - absl - WARNING - You are saving your model as an HDF5 file via `model.save()` or `keras.saving.save_model(model)`. This file format is considered legacy. We recommend using instead the native Keras format, e.g. `model.save('my_model.keras')` or `keras.saving.save_model(model, 'my_model.keras')`. ]
[2025-11-01 12:16:31,021 - cnn_classifier - INFO - >>>>> stage Model Training Stage completed <<<<<

x==========x]
[2025-12-08 22:16:40,443 - cnn_classifier - INFO - >>>>> stage Data Ingestion Stage started <<<<<]
[2025-12-08 22:16:40,462 - cnn_classifier - INFO - yaml file:config\config.yaml loaded successfully]
[2025-12-08 22:16:40,483 - cnn_classifier - INFO - yaml file:params.yaml loaded successfully]
[2025-12-08 22:16:40,486 - cnn_classifier - INFO - created directory at:artifacts]
[2025-12-08 22:16:40,487 - cnn_classifier - INFO - created directory at:artifacts/data_ingestion]
[2025-12-08 22:16:40,488 - cnn_classifier - INFO - Downloading file from :https://drive.google.com/file/d/15AWxlgsbETlz277Hqc_9bt39EqIuwfNj/view?usp=sharing into file :artifacts\data_ingestion\data.zip]
[2025-12-08 22:19:28,639 - cnn_classifier - INFO - Downloaded data from: https://drive.google.com/file/d/15AWxlgsbETlz277Hqc_9bt39EqIuwfNj/view?usp=sharing into file :artifacts\data_ingestion\data.zip of size :~ 917945 KB]
[2025-12-08 22:19:53,290 - cnn_classifier - INFO - >>>>> stage Data Ingestion Stage completed <<<<<

x==========x]
[2025-12-08 22:19:53,293 - cnn_classifier - INFO - >>>>> stage Base Model Preparation Stage started <<<<<]
[2025-12-08 22:19:53,298 - cnn_classifier - INFO - yaml file:config\config.yaml loaded successfully]
[2025-12-08 22:19:53,304 - cnn_classifier - INFO - yaml file:params.yaml loaded successfully]
[2025-12-08 22:19:53,309 - cnn_classifier - INFO - created directory at:artifacts]
[2025-12-08 22:19:53,310 - cnn_classifier - INFO - created directory at:artifacts/prepare_base_model]
[2025-12-08 22:19:54,565 - absl - WARNING - You are saving your model as an HDF5 file via `model.save()` or `keras.saving.save_model(model)`. This file format is considered legacy. We recommend using instead the native Keras format, e.g. `model.save('my_model.keras')` or `keras.saving.save_model(model, 'my_model.keras')`. ]
[2025-12-08 22:19:54,906 - absl - WARNING - You are saving your model as an HDF5 file via `model.save()` or `keras.saving.save_model(model)`. This file format is considered legacy. We recommend using instead the native Keras format, e.g. `model.save('my_model.keras')` or `keras.saving.save_model(model, 'my_model.keras')`. ]
[2025-12-08 22:19:56,906 - cnn_classifier - INFO - >>>>> stage Base Model Preparation Stage completed <<<<<

x==========x]
[2025-12-08 22:19:56,908 - cnn_classifier - INFO - >>>>> stage Model Training Stage started <<<<<]
[2025-12-08 22:19:59,423 - cnn_classifier - INFO - yaml file:config\config.yaml loaded successfully]
[2025-12-08 22:19:59,426 - cnn_classifier - INFO - yaml file:params.yaml loaded successfully]
[2025-12-08 22:19:59,427 - cnn_classifier - INFO - created directory at:artifacts]
[2025-12-08 22:19:59,428 - cnn_classifier - INFO - created directory at:artifacts\training]
[2025-12-08 22:38:01,128 - absl - WARNING - You are saving your model as an HDF5 file via `model.save()` or `keras.saving.save_model(model)`. This file format is considered legacy. We recommend using instead the native Keras format, e.g. `model.save('my_model.keras')` or `keras.saving.save_model(model, 'my_model.keras')`. ]
[2025-12-08 22:51:00,687 - absl - WARNING - You are saving your model as an HDF5 file via `model.save()` or `keras.saving.save_model(model)`. This file format is considered legacy. We recommend using instead the native Keras format, e.g. `model.save('my_model.keras')` or `keras.saving.save_model(model, 'my_model.keras')`. ]
[2025-12-08 22:56:35,191 - absl - WARNING - You are saving your model as an HDF5 file via `model.save()` or `keras.saving.save_model(model)`. This file format is considered legacy. We recommend using instead the native Keras format, e.g. `model.save('my_model.keras')` or `keras.saving.save_model(model, 'my_model.keras')`. ]
[2025-12-08 23:29:56,324 - absl - WARNING - You are saving your model as an HDF5 file via `model.save()` or `keras.saving.save_model(model)`. This file format is considered legacy. We recommend using instead the native Keras format, e.g. `model.save('my_model.keras')` or `keras.saving.save_model(model, 'my_model.keras')`. ]
[2025-12-08 23:29:56,499 - cnn_classifier - INFO - >>>>> stage Model Training Stage completed <<<<<

x==========x]
[2025-12-18 00:12:02,888 - cnn_classifier - INFO - >>>>> stage Data Ingestion Stage started <<<<<]
[2025-12-18 00:12:02,908 - cnn_classifier - INFO - yaml file:config\config.yaml loaded successfully]
[2025-12-18 00:12:02,933 - cnn_classifier - INFO - yaml file:params.yaml loaded successfully]
[2025-12-18 00:12:02,935 - cnn_classifier - INFO - created directory at:artifacts]
[2025-12-18 00:12:02,936 - cnn_classifier - INFO - created directory at:artifacts/data_ingestion]
[2025-12-18 00:12:02,937 - cnn_classifier - INFO - Downloading file from :https://drive.google.com/file/d/15AWxlgsbETlz277Hqc_9bt39EqIuwfNj/view?usp=sharing into file :artifacts\data_ingestion\data.zip]
[2025-12-18 00:13:27,110 - cnn_classifier - INFO - Downloaded data from: https://drive.google.com/file/d/15AWxlgsbETlz277Hqc_9bt39EqIuwfNj/view?usp=sharing into file :artifacts\data_ingestion\data.zip of size :~ 917945 KB]
[2025-12-18 00:13:43,651 - cnn_classifier - INFO - >>>>> stage Data Ingestion Stage completed <<<<<

x==========x]
[2025-12-18 00:13:43,652 - cnn_classifier - INFO - >>>>> stage Base Model Preparation Stage started <<<<<]
[2025-12-18 00:13:43,655 - cnn_classifier - INFO - yaml file:config\config.yaml loaded successfully]
[2025-12-18 00:13:43,657 - cnn_classifier - INFO - yaml file:params.yaml loaded successfully]
[2025-12-18 00:13:43,658 - cnn_classifier - INFO - created directory at:artifacts]
[2025-12-18 00:13:43,659 - cnn_classifier - INFO - created directory at:artifacts/prepare_base_model]
[2025-12-18 00:13:43,660 - cnn_classifier - ERROR - `input_shape` must be a tuple of three integers.]
Traceback (most recent call last):
  File "d:\Kidney-Disease-classification-cnn\main.py", line 27, in <module>
    obj.main()
    ~~~~~~~~^^
  File "D:\Kidney-Disease-classification-cnn\src\cnn_classifier\pipeline\stage_02_base_model.py", line 14, in main
    base_model.get_base_model()
    ~~~~~~~~~~~~~~~~~~~~~~~~~^^
  File "D:\Kidney-Disease-classification-cnn\src\cnn_classifier\components\base_model.py", line 13, in get_base_model
    self.model = tf.keras.applications.VGG16(
                 ~~~~~~~~~~~~~~~~~~~~~~~~~~~^
        input_shape=self.config.params_Image_size,
        ^^^^^^^^^^^^^^^^^^^^^^^^^^^^^^^^^^^^^^^^^^
        weights=self.config.params_weights,
        ^^^^^^^^^^^^^^^^^^^^^^^^^^^^^^^^^^^
        include_top=self.config.params_include_top,
        ^^^^^^^^^^^^^^^^^^^^^^^^^^^^^^^^^^^^^^^^^^^
    )
    ^
  File "D:\Kidney-Disease-classification-cnn\.venv\Lib\site-packages\keras\src\applications\vgg16.py", line 112, in VGG16
    input_shape = imagenet_utils.obtain_input_shape(
        input_shape,
    ...<4 lines>...
        weights=weights,
    )
  File "D:\Kidney-Disease-classification-cnn\.venv\Lib\site-packages\keras\src\applications\imagenet_utils.py", line 379, in obtain_input_shape
    raise ValueError(
        "`input_shape` must be a tuple of three integers."
    )
ValueError: `input_shape` must be a tuple of three integers.
[2025-12-18 00:15:14,609 - cnn_classifier - INFO - >>>>> stage Data Ingestion Stage started <<<<<]
[2025-12-18 00:15:14,613 - cnn_classifier - INFO - yaml file:config\config.yaml loaded successfully]
[2025-12-18 00:15:14,620 - cnn_classifier - INFO - yaml file:params.yaml loaded successfully]
[2025-12-18 00:15:14,623 - cnn_classifier - INFO - created directory at:artifacts]
[2025-12-18 00:15:14,624 - cnn_classifier - INFO - created directory at:artifacts/data_ingestion]
[2025-12-18 00:15:14,625 - cnn_classifier - INFO - Downloading file from :https://drive.google.com/file/d/15AWxlgsbETlz277Hqc_9bt39EqIuwfNj/view?usp=sharing into file :artifacts\data_ingestion\data.zip]
[2025-12-18 00:16:25,019 - cnn_classifier - INFO - Downloaded data from: https://drive.google.com/file/d/15AWxlgsbETlz277Hqc_9bt39EqIuwfNj/view?usp=sharing into file :artifacts\data_ingestion\data.zip of size :~ 917945 KB]
[2025-12-18 00:16:44,131 - cnn_classifier - INFO - >>>>> stage Data Ingestion Stage completed <<<<<

x==========x]
[2025-12-18 00:16:44,132 - cnn_classifier - INFO - >>>>> stage Base Model Preparation Stage started <<<<<]
[2025-12-18 00:16:44,136 - cnn_classifier - INFO - yaml file:config\config.yaml loaded successfully]
[2025-12-18 00:16:44,140 - cnn_classifier - INFO - yaml file:params.yaml loaded successfully]
[2025-12-18 00:16:44,141 - cnn_classifier - INFO - created directory at:artifacts]
[2025-12-18 00:16:44,142 - cnn_classifier - INFO - created directory at:artifacts/prepare_base_model]
[2025-12-18 00:16:44,911 - absl - WARNING - You are saving your model as an HDF5 file via `model.save()` or `keras.saving.save_model(model)`. This file format is considered legacy. We recommend using instead the native Keras format, e.g. `model.save('my_model.keras')` or `keras.saving.save_model(model, 'my_model.keras')`. ]
[2025-12-18 00:16:45,227 - absl - WARNING - You are saving your model as an HDF5 file via `model.save()` or `keras.saving.save_model(model)`. This file format is considered legacy. We recommend using instead the native Keras format, e.g. `model.save('my_model.keras')` or `keras.saving.save_model(model, 'my_model.keras')`. ]
[2025-12-18 00:16:45,424 - cnn_classifier - INFO - >>>>> stage Base Model Preparation Stage completed <<<<<

x==========x]
[2025-12-18 00:16:45,425 - cnn_classifier - INFO - >>>>> stage Model Training Stage started <<<<<]
[2025-12-18 00:16:47,177 - cnn_classifier - INFO - yaml file:config\config.yaml loaded successfully]
[2025-12-18 00:16:47,182 - cnn_classifier - INFO - yaml file:params.yaml loaded successfully]
[2025-12-18 00:16:47,183 - cnn_classifier - INFO - created directory at:artifacts]
[2025-12-18 00:16:47,184 - cnn_classifier - INFO - created directory at:artifacts\training]
[2025-12-18 00:29:36,569 - absl - WARNING - You are saving your model as an HDF5 file via `model.save()` or `keras.saving.save_model(model)`. This file format is considered legacy. We recommend using instead the native Keras format, e.g. `model.save('my_model.keras')` or `keras.saving.save_model(model, 'my_model.keras')`. ]
[2025-12-18 00:47:56,547 - absl - WARNING - You are saving your model as an HDF5 file via `model.save()` or `keras.saving.save_model(model)`. This file format is considered legacy. We recommend using instead the native Keras format, e.g. `model.save('my_model.keras')` or `keras.saving.save_model(model, 'my_model.keras')`. ]
[2025-12-18 01:18:39,689 - absl - WARNING - You are saving your model as an HDF5 file via `model.save()` or `keras.saving.save_model(model)`. This file format is considered legacy. We recommend using instead the native Keras format, e.g. `model.save('my_model.keras')` or `keras.saving.save_model(model, 'my_model.keras')`. ]
[2025-12-18 01:48:52,653 - absl - WARNING - You are saving your model as an HDF5 file via `model.save()` or `keras.saving.save_model(model)`. This file format is considered legacy. We recommend using instead the native Keras format, e.g. `model.save('my_model.keras')` or `keras.saving.save_model(model, 'my_model.keras')`. ]
[2025-12-18 01:48:52,944 - cnn_classifier - INFO - >>>>> stage Model Training Stage completed <<<<<

x==========x]
[2025-12-18 01:48:52,945 - cnn_classifier - INFO - >>>>> stage Evalution Stage started <<<<<]
[2025-12-18 01:48:52,976 - cnn_classifier - INFO - yaml file:config\config.yaml loaded successfully]
[2025-12-18 01:48:52,987 - cnn_classifier - INFO - yaml file:params.yaml loaded successfully]
[2025-12-18 01:48:52,995 - cnn_classifier - INFO - created directory at:artifacts]
[2025-12-18 01:48:53,508 - absl - WARNING - Compiled the loaded model, but the compiled metrics have yet to be built. `model.compile_metrics` will be empty until you train or evaluate the model.]
[2025-12-18 01:48:53,719 - cnn_classifier - ERROR - could not broadcast input array from shape (224,224,3) into shape (224,224,3,3)]
Traceback (most recent call last):
  File "d:\Kidney-Disease-classification-cnn\main.py", line 51, in <module>
    obj.main()
    ~~~~~~~~^^
  File "D:\Kidney-Disease-classification-cnn\src\cnn_classifier\pipeline\stage_04_model_evalution.py", line 14, in main
    evalution.evaluate_model()
    ~~~~~~~~~~~~~~~~~~~~~~~~^^
  File "D:\Kidney-Disease-classification-cnn\src\cnn_classifier\components\model_evalution_mlflow.py", line 43, in evaluate_model
    self.score = self.model.evaluate(self.valid_generator)
                 ~~~~~~~~~~~~~~~~~~~^^^^^^^^^^^^^^^^^^^^^^
  File "D:\Kidney-Disease-classification-cnn\.venv\Lib\site-packages\keras\src\utils\traceback_utils.py", line 122, in error_handler
    raise e.with_traceback(filtered_tb) from None
  File "D:\Kidney-Disease-classification-cnn\.venv\Lib\site-packages\keras\src\legacy\preprocessing\image.py", line 329, in _get_batches_of_transformed_samples
    batch_x[i] = x
    ~~~~~~~^^^
ValueError: could not broadcast input array from shape (224,224,3) into shape (224,224,3,3)
[2025-12-18 14:26:18,629 - cnn_classifier - INFO - >>>>> stage Data Ingestion Stage started <<<<<]
[2025-12-18 14:26:18,657 - cnn_classifier - INFO - yaml file:config\config.yaml loaded successfully]
[2025-12-18 14:26:18,664 - cnn_classifier - INFO - yaml file:params.yaml loaded successfully]
[2025-12-18 14:26:18,670 - cnn_classifier - INFO - created directory at:artifacts]
[2025-12-18 14:26:18,671 - cnn_classifier - INFO - created directory at:artifacts/data_ingestion]
[2025-12-18 14:26:18,676 - cnn_classifier - INFO - Downloading file from :https://drive.google.com/file/d/15AWxlgsbETlz277Hqc_9bt39EqIuwfNj/view?usp=sharing into file :artifacts\data_ingestion\data.zip]
[2025-12-18 14:27:50,943 - cnn_classifier - INFO - Downloaded data from: https://drive.google.com/file/d/15AWxlgsbETlz277Hqc_9bt39EqIuwfNj/view?usp=sharing into file :artifacts\data_ingestion\data.zip of size :~ 917945 KB]
[2025-12-18 14:28:05,990 - cnn_classifier - INFO - >>>>> stage Data Ingestion Stage completed <<<<<

x==========x]
[2025-12-18 14:28:05,990 - cnn_classifier - INFO - >>>>> stage Base Model Preparation Stage started <<<<<]
[2025-12-18 14:28:05,994 - cnn_classifier - INFO - yaml file:config\config.yaml loaded successfully]
[2025-12-18 14:28:05,997 - cnn_classifier - INFO - yaml file:params.yaml loaded successfully]
[2025-12-18 14:28:05,998 - cnn_classifier - INFO - created directory at:artifacts]
[2025-12-18 14:28:05,998 - cnn_classifier - INFO - created directory at:artifacts/prepare_base_model]
[2025-12-18 14:28:05,999 - cnn_classifier - ERROR - `input_shape` must be a tuple of three integers.]
Traceback (most recent call last):
  File "d:\Kidney-Disease-classification-cnn\main.py", line 27, in <module>
    obj.main()
    ~~~~~~~~^^
  File "D:\Kidney-Disease-classification-cnn\src\cnn_classifier\pipeline\stage_02_base_model.py", line 14, in main
    base_model.get_base_model()
    ~~~~~~~~~~~~~~~~~~~~~~~~~^^
  File "D:\Kidney-Disease-classification-cnn\src\cnn_classifier\components\base_model.py", line 13, in get_base_model
    self.model = tf.keras.applications.VGG16(
                 ~~~~~~~~~~~~~~~~~~~~~~~~~~~^
        input_shape=self.config.params_Image_size,
        ^^^^^^^^^^^^^^^^^^^^^^^^^^^^^^^^^^^^^^^^^^
        weights=self.config.params_weights,
        ^^^^^^^^^^^^^^^^^^^^^^^^^^^^^^^^^^^
        include_top=self.config.params_include_top,
        ^^^^^^^^^^^^^^^^^^^^^^^^^^^^^^^^^^^^^^^^^^^
    )
    ^
  File "D:\Kidney-Disease-classification-cnn\.venv\Lib\site-packages\keras\src\applications\vgg16.py", line 112, in VGG16
    input_shape = imagenet_utils.obtain_input_shape(
        input_shape,
    ...<4 lines>...
        weights=weights,
    )
  File "D:\Kidney-Disease-classification-cnn\.venv\Lib\site-packages\keras\src\applications\imagenet_utils.py", line 379, in obtain_input_shape
    raise ValueError(
        "`input_shape` must be a tuple of three integers."
    )
ValueError: `input_shape` must be a tuple of three integers.
[2025-12-18 14:36:01,941 - cnn_classifier - INFO - >>>>> stage Data Ingestion Stage started <<<<<]
[2025-12-18 14:36:01,944 - cnn_classifier - INFO - yaml file:config\config.yaml loaded successfully]
[2025-12-18 14:36:01,946 - cnn_classifier - INFO - yaml file:params.yaml loaded successfully]
[2025-12-18 14:36:01,947 - cnn_classifier - INFO - created directory at:artifacts]
[2025-12-18 14:36:01,947 - cnn_classifier - INFO - created directory at:artifacts/data_ingestion]
[2025-12-18 14:36:01,948 - cnn_classifier - INFO - Downloading file from :https://drive.google.com/file/d/15AWxlgsbETlz277Hqc_9bt39EqIuwfNj/view?usp=sharing into file :artifacts\data_ingestion\data.zip]
[2025-12-18 14:37:31,018 - cnn_classifier - INFO - Downloaded data from: https://drive.google.com/file/d/15AWxlgsbETlz277Hqc_9bt39EqIuwfNj/view?usp=sharing into file :artifacts\data_ingestion\data.zip of size :~ 917945 KB]
[2025-12-18 14:37:44,208 - cnn_classifier - INFO - >>>>> stage Data Ingestion Stage completed <<<<<

x==========x]
[2025-12-18 14:37:44,209 - cnn_classifier - INFO - >>>>> stage Base Model Preparation Stage started <<<<<]
[2025-12-18 14:37:44,212 - cnn_classifier - INFO - yaml file:config\config.yaml loaded successfully]
[2025-12-18 14:37:44,214 - cnn_classifier - INFO - yaml file:params.yaml loaded successfully]
[2025-12-18 14:37:44,215 - cnn_classifier - INFO - created directory at:artifacts]
[2025-12-18 14:37:44,216 - cnn_classifier - INFO - created directory at:artifacts/prepare_base_model]
[2025-12-18 14:37:45,131 - absl - WARNING - You are saving your model as an HDF5 file via `model.save()` or `keras.saving.save_model(model)`. This file format is considered legacy. We recommend using instead the native Keras format, e.g. `model.save('my_model.keras')` or `keras.saving.save_model(model, 'my_model.keras')`. ]
[2025-12-18 14:37:45,547 - absl - WARNING - You are saving your model as an HDF5 file via `model.save()` or `keras.saving.save_model(model)`. This file format is considered legacy. We recommend using instead the native Keras format, e.g. `model.save('my_model.keras')` or `keras.saving.save_model(model, 'my_model.keras')`. ]
[2025-12-18 14:37:45,745 - cnn_classifier - INFO - >>>>> stage Base Model Preparation Stage completed <<<<<

x==========x]
[2025-12-18 14:37:45,746 - cnn_classifier - INFO - >>>>> stage Model Training Stage started <<<<<]
[2025-12-18 14:37:49,199 - cnn_classifier - INFO - yaml file:config\config.yaml loaded successfully]
[2025-12-18 14:37:49,201 - cnn_classifier - INFO - yaml file:params.yaml loaded successfully]
[2025-12-18 14:37:49,202 - cnn_classifier - INFO - created directory at:artifacts]
[2025-12-18 14:37:49,207 - cnn_classifier - INFO - created directory at:artifacts\training]
[2025-12-18 14:37:50,259 - cnn_classifier - INFO - >>>>> stage Model Training Stage completed <<<<<

x==========x]
[2025-12-18 14:37:50,259 - cnn_classifier - INFO - >>>>> stage Evalution Stage started <<<<<]
[2025-12-18 14:37:50,266 - cnn_classifier - INFO - yaml file:config\config.yaml loaded successfully]
[2025-12-18 14:37:50,271 - cnn_classifier - INFO - yaml file:params.yaml loaded successfully]
[2025-12-18 14:37:50,272 - cnn_classifier - INFO - created directory at:artifacts]
[2025-12-18 14:37:50,275 - cnn_classifier - ERROR - [Errno 2] Unable to synchronously open file (unable to open file: name = 'artifacts/training/trained_model.h5', errno = 2, error message = 'No such file or directory', flags = 0, o_flags = 0)]
Traceback (most recent call last):
  File "d:\Kidney-Disease-classification-cnn\main.py", line 51, in <module>
    obj.main()
    ~~~~~~~~^^
  File "D:\Kidney-Disease-classification-cnn\src\cnn_classifier\pipeline\stage_04_model_evalution.py", line 14, in main
    evalution.evaluate_model()
    ~~~~~~~~~~~~~~~~~~~~~~~~^^
  File "D:\Kidney-Disease-classification-cnn\src\cnn_classifier\components\model_evalution_mlflow.py", line 41, in evaluate_model
    self.model = self._load_model(self.config.path_of_model)
                 ~~~~~~~~~~~~~~~~^^^^^^^^^^^^^^^^^^^^^^^^^^^
  File "D:\Kidney-Disease-classification-cnn\src\cnn_classifier\components\model_evalution_mlflow.py", line 38, in _load_model
    return tf.keras.models.load_model(path)
           ~~~~~~~~~~~~~~~~~~~~~~~~~~^^^^^^
  File "D:\Kidney-Disease-classification-cnn\.venv\Lib\site-packages\keras\src\saving\saving_api.py", line 196, in load_model
    return legacy_h5_format.load_model_from_hdf5(
           ~~~~~~~~~~~~~~~~~~~~~~~~~~~~~~~~~~~~~^
        filepath,
        ^^^^^^^^^
    ...<2 lines>...
        safe_mode=safe_mode,
        ^^^^^^^^^^^^^^^^^^^^
    )
    ^
  File "D:\Kidney-Disease-classification-cnn\.venv\Lib\site-packages\keras\src\legacy\saving\legacy_h5_format.py", line 118, in load_model_from_hdf5
    f = h5py.File(filepath, mode="r")
  File "D:\Kidney-Disease-classification-cnn\.venv\Lib\site-packages\h5py\_hl\files.py", line 566, in __init__
    fid = make_fid(name, mode, userblock_size, fapl, fcpl, swmr=swmr)
  File "D:\Kidney-Disease-classification-cnn\.venv\Lib\site-packages\h5py\_hl\files.py", line 241, in make_fid
    fid = h5f.open(name, flags, fapl=fapl)
  File "h5py/_objects.pyx", line 54, in h5py._objects.with_phil.wrapper
  File "h5py/_objects.pyx", line 55, in h5py._objects.with_phil.wrapper
  File "h5py/h5f.pyx", line 104, in h5py.h5f.open
FileNotFoundError: [Errno 2] Unable to synchronously open file (unable to open file: name = 'artifacts/training/trained_model.h5', errno = 2, error message = 'No such file or directory', flags = 0, o_flags = 0)
[2025-12-18 14:38:52,413 - cnn_classifier - INFO - >>>>> stage Data Ingestion Stage started <<<<<]
[2025-12-18 14:38:52,418 - cnn_classifier - INFO - yaml file:config\config.yaml loaded successfully]
[2025-12-18 14:38:52,430 - cnn_classifier - INFO - yaml file:params.yaml loaded successfully]
[2025-12-18 14:38:52,434 - cnn_classifier - INFO - created directory at:artifacts]
[2025-12-18 14:38:52,435 - cnn_classifier - INFO - created directory at:artifacts/data_ingestion]
[2025-12-18 14:38:52,437 - cnn_classifier - INFO - Downloading file from :https://drive.google.com/file/d/15AWxlgsbETlz277Hqc_9bt39EqIuwfNj/view?usp=sharing into file :artifacts\data_ingestion\data.zip]
[2025-12-18 14:40:15,985 - cnn_classifier - INFO - Downloaded data from: https://drive.google.com/file/d/15AWxlgsbETlz277Hqc_9bt39EqIuwfNj/view?usp=sharing into file :artifacts\data_ingestion\data.zip of size :~ 917945 KB]
[2025-12-18 14:40:32,429 - cnn_classifier - INFO - >>>>> stage Data Ingestion Stage completed <<<<<

x==========x]
[2025-12-18 14:40:32,430 - cnn_classifier - INFO - >>>>> stage Base Model Preparation Stage started <<<<<]
[2025-12-18 14:40:32,434 - cnn_classifier - INFO - yaml file:config\config.yaml loaded successfully]
[2025-12-18 14:40:32,438 - cnn_classifier - INFO - yaml file:params.yaml loaded successfully]
[2025-12-18 14:40:32,439 - cnn_classifier - INFO - created directory at:artifacts]
[2025-12-18 14:40:32,440 - cnn_classifier - INFO - created directory at:artifacts/prepare_base_model]
[2025-12-18 14:40:33,193 - absl - WARNING - You are saving your model as an HDF5 file via `model.save()` or `keras.saving.save_model(model)`. This file format is considered legacy. We recommend using instead the native Keras format, e.g. `model.save('my_model.keras')` or `keras.saving.save_model(model, 'my_model.keras')`. ]
[2025-12-18 14:40:33,468 - absl - WARNING - You are saving your model as an HDF5 file via `model.save()` or `keras.saving.save_model(model)`. This file format is considered legacy. We recommend using instead the native Keras format, e.g. `model.save('my_model.keras')` or `keras.saving.save_model(model, 'my_model.keras')`. ]
[2025-12-18 14:40:33,634 - cnn_classifier - INFO - >>>>> stage Base Model Preparation Stage completed <<<<<

x==========x]
[2025-12-18 14:40:33,635 - cnn_classifier - INFO - >>>>> stage Model Training Stage started <<<<<]
[2025-12-18 14:40:35,394 - cnn_classifier - INFO - yaml file:config\config.yaml loaded successfully]
[2025-12-18 14:40:35,396 - cnn_classifier - INFO - yaml file:params.yaml loaded successfully]
[2025-12-18 14:40:35,397 - cnn_classifier - INFO - created directory at:artifacts]
[2025-12-18 14:40:35,402 - cnn_classifier - INFO - created directory at:artifacts\training]
[2025-12-18 14:40:36,112 - cnn_classifier - INFO - >>>>> stage Model Training Stage completed <<<<<

x==========x]
[2025-12-18 14:40:36,113 - cnn_classifier - INFO - >>>>> stage Evalution Stage started <<<<<]
[2025-12-18 14:40:36,118 - cnn_classifier - INFO - yaml file:config\config.yaml loaded successfully]
[2025-12-18 14:40:36,120 - cnn_classifier - INFO - yaml file:params.yaml loaded successfully]
[2025-12-18 14:40:36,122 - cnn_classifier - INFO - created directory at:artifacts]
[2025-12-18 14:40:36,127 - cnn_classifier - ERROR - [Errno 2] Unable to synchronously open file (unable to open file: name = 'artifacts/training/trained_model.h5', errno = 2, error message = 'No such file or directory', flags = 0, o_flags = 0)]
Traceback (most recent call last):
  File "d:\Kidney-Disease-classification-cnn\main.py", line 51, in <module>
    obj.main()
    ~~~~~~~~^^
  File "D:\Kidney-Disease-classification-cnn\src\cnn_classifier\pipeline\stage_04_model_evalution.py", line 14, in main
    evalution.evaluate_model()
    ~~~~~~~~~~~~~~~~~~~~~~~~^^
  File "D:\Kidney-Disease-classification-cnn\src\cnn_classifier\components\model_evalution_mlflow.py", line 41, in evaluate_model
    self.model = self._load_model(self.config.path_of_model)
                 ~~~~~~~~~~~~~~~~^^^^^^^^^^^^^^^^^^^^^^^^^^^
  File "D:\Kidney-Disease-classification-cnn\src\cnn_classifier\components\model_evalution_mlflow.py", line 38, in _load_model
    return tf.keras.models.load_model(path)
           ~~~~~~~~~~~~~~~~~~~~~~~~~~^^^^^^
  File "D:\Kidney-Disease-classification-cnn\.venv\Lib\site-packages\keras\src\saving\saving_api.py", line 196, in load_model
    return legacy_h5_format.load_model_from_hdf5(
           ~~~~~~~~~~~~~~~~~~~~~~~~~~~~~~~~~~~~~^
        filepath,
        ^^^^^^^^^
    ...<2 lines>...
        safe_mode=safe_mode,
        ^^^^^^^^^^^^^^^^^^^^
    )
    ^
  File "D:\Kidney-Disease-classification-cnn\.venv\Lib\site-packages\keras\src\legacy\saving\legacy_h5_format.py", line 118, in load_model_from_hdf5
    f = h5py.File(filepath, mode="r")
  File "D:\Kidney-Disease-classification-cnn\.venv\Lib\site-packages\h5py\_hl\files.py", line 566, in __init__
    fid = make_fid(name, mode, userblock_size, fapl, fcpl, swmr=swmr)
  File "D:\Kidney-Disease-classification-cnn\.venv\Lib\site-packages\h5py\_hl\files.py", line 241, in make_fid
    fid = h5f.open(name, flags, fapl=fapl)
  File "h5py/_objects.pyx", line 54, in h5py._objects.with_phil.wrapper
  File "h5py/_objects.pyx", line 55, in h5py._objects.with_phil.wrapper
  File "h5py/h5f.pyx", line 104, in h5py.h5f.open
FileNotFoundError: [Errno 2] Unable to synchronously open file (unable to open file: name = 'artifacts/training/trained_model.h5', errno = 2, error message = 'No such file or directory', flags = 0, o_flags = 0)
[2025-12-18 14:52:53,447 - cnn_classifier - INFO - yaml file:config\config.yaml loaded successfully]
[2025-12-18 14:52:53,466 - cnn_classifier - INFO - yaml file:params.yaml loaded successfully]
[2025-12-18 14:52:53,472 - cnn_classifier - INFO - created directory at:artifacts]
[2025-12-18 14:52:53,476 - cnn_classifier - INFO - created directory at:artifacts\training]
[2025-12-18 14:59:51,497 - cnn_classifier - INFO - yaml file:config\config.yaml loaded successfully]
[2025-12-18 14:59:51,503 - cnn_classifier - INFO - yaml file:params.yaml loaded successfully]
[2025-12-18 14:59:51,509 - cnn_classifier - INFO - created directory at:artifacts]
[2025-12-18 14:59:51,513 - cnn_classifier - INFO - created directory at:artifacts\training]
[2025-12-18 15:14:20,061 - absl - WARNING - You are saving your model as an HDF5 file via `model.save()` or `keras.saving.save_model(model)`. This file format is considered legacy. We recommend using instead the native Keras format, e.g. `model.save('my_model.keras')` or `keras.saving.save_model(model, 'my_model.keras')`. ]
[2025-12-18 15:28:36,306 - absl - WARNING - You are saving your model as an HDF5 file via `model.save()` or `keras.saving.save_model(model)`. This file format is considered legacy. We recommend using instead the native Keras format, e.g. `model.save('my_model.keras')` or `keras.saving.save_model(model, 'my_model.keras')`. ]
[2025-12-18 15:28:36,552 - absl - WARNING - You are saving your model as an HDF5 file via `model.save()` or `keras.saving.save_model(model)`. This file format is considered legacy. We recommend using instead the native Keras format, e.g. `model.save('my_model.keras')` or `keras.saving.save_model(model, 'my_model.keras')`. ]
[2025-12-18 15:30:17,795 - cnn_classifier - INFO - >>>>> stage Data Ingestion Stage started <<<<<]
[2025-12-18 15:30:17,797 - cnn_classifier - INFO - yaml file:config\config.yaml loaded successfully]
[2025-12-18 15:30:17,800 - cnn_classifier - INFO - yaml file:params.yaml loaded successfully]
[2025-12-18 15:30:17,801 - cnn_classifier - INFO - created directory at:artifacts]
[2025-12-18 15:30:17,802 - cnn_classifier - INFO - created directory at:artifacts/data_ingestion]
[2025-12-18 15:30:17,803 - cnn_classifier - INFO - Downloading file from :https://drive.google.com/file/d/15AWxlgsbETlz277Hqc_9bt39EqIuwfNj/view?usp=sharing into file :artifacts\data_ingestion\data.zip]
[2025-12-18 15:31:29,184 - cnn_classifier - INFO - Downloaded data from: https://drive.google.com/file/d/15AWxlgsbETlz277Hqc_9bt39EqIuwfNj/view?usp=sharing into file :artifacts\data_ingestion\data.zip of size :~ 917945 KB]
[2025-12-18 15:31:46,730 - cnn_classifier - INFO - >>>>> stage Data Ingestion Stage completed <<<<<

x==========x]
[2025-12-18 15:31:46,731 - cnn_classifier - INFO - >>>>> stage Base Model Preparation Stage started <<<<<]
[2025-12-18 15:31:46,734 - cnn_classifier - INFO - yaml file:config\config.yaml loaded successfully]
[2025-12-18 15:31:46,737 - cnn_classifier - INFO - yaml file:params.yaml loaded successfully]
[2025-12-18 15:31:46,738 - cnn_classifier - INFO - created directory at:artifacts]
[2025-12-18 15:31:46,741 - cnn_classifier - INFO - created directory at:artifacts/prepare_base_model]
[2025-12-18 15:31:47,311 - absl - WARNING - You are saving your model as an HDF5 file via `model.save()` or `keras.saving.save_model(model)`. This file format is considered legacy. We recommend using instead the native Keras format, e.g. `model.save('my_model.keras')` or `keras.saving.save_model(model, 'my_model.keras')`. ]
[2025-12-18 15:31:47,586 - absl - WARNING - You are saving your model as an HDF5 file via `model.save()` or `keras.saving.save_model(model)`. This file format is considered legacy. We recommend using instead the native Keras format, e.g. `model.save('my_model.keras')` or `keras.saving.save_model(model, 'my_model.keras')`. ]
[2025-12-18 15:31:47,813 - cnn_classifier - INFO - >>>>> stage Base Model Preparation Stage completed <<<<<

x==========x]
[2025-12-18 15:31:47,814 - cnn_classifier - INFO - >>>>> stage Model Training Stage started <<<<<]
[2025-12-18 15:31:49,245 - cnn_classifier - INFO - yaml file:config\config.yaml loaded successfully]
[2025-12-18 15:31:49,247 - cnn_classifier - INFO - yaml file:params.yaml loaded successfully]
[2025-12-18 15:31:49,248 - cnn_classifier - INFO - created directory at:artifacts]
[2025-12-18 15:31:49,248 - cnn_classifier - INFO - created directory at:artifacts\training]
[2025-12-18 15:44:47,808 - absl - WARNING - You are saving your model as an HDF5 file via `model.save()` or `keras.saving.save_model(model)`. This file format is considered legacy. We recommend using instead the native Keras format, e.g. `model.save('my_model.keras')` or `keras.saving.save_model(model, 'my_model.keras')`. ]
[2025-12-18 15:57:24,018 - absl - WARNING - You are saving your model as an HDF5 file via `model.save()` or `keras.saving.save_model(model)`. This file format is considered legacy. We recommend using instead the native Keras format, e.g. `model.save('my_model.keras')` or `keras.saving.save_model(model, 'my_model.keras')`. ]
[2025-12-18 16:02:51,888 - absl - WARNING - You are saving your model as an HDF5 file via `model.save()` or `keras.saving.save_model(model)`. This file format is considered legacy. We recommend using instead the native Keras format, e.g. `model.save('my_model.keras')` or `keras.saving.save_model(model, 'my_model.keras')`. ]
[2025-12-18 16:02:52,142 - absl - WARNING - You are saving your model as an HDF5 file via `model.save()` or `keras.saving.save_model(model)`. This file format is considered legacy. We recommend using instead the native Keras format, e.g. `model.save('my_model.keras')` or `keras.saving.save_model(model, 'my_model.keras')`. ]
[2025-12-18 16:02:52,327 - cnn_classifier - INFO - >>>>> stage Model Training Stage completed <<<<<

x==========x]
[2025-12-18 16:02:52,328 - cnn_classifier - INFO - >>>>> stage Evalution Stage started <<<<<]
[2025-12-18 16:02:52,345 - cnn_classifier - INFO - yaml file:config\config.yaml loaded successfully]
[2025-12-18 16:02:52,354 - cnn_classifier - INFO - yaml file:params.yaml loaded successfully]
[2025-12-18 16:02:52,360 - cnn_classifier - INFO - created directory at:artifacts]
[2025-12-18 16:02:52,736 - absl - WARNING - Compiled the loaded model, but the compiled metrics have yet to be built. `model.compile_metrics` will be empty until you train or evaluate the model.]
[2025-12-18 16:11:49,876 - cnn_classifier - INFO - json file saved at:scores.json]
[2025-12-18 16:12:21,327 - cnn_classifier - INFO - >>>>> stage Evalution Stage completed <<<<<

x==========x]
[2025-12-18 18:49:00,558 - cnn_classifier - INFO - >>>>> stage Data Ingestion Stage started <<<<<]
[2025-12-18 18:49:00,564 - cnn_classifier - INFO - yaml file:config\config.yaml loaded successfully]
[2025-12-18 18:49:00,577 - cnn_classifier - INFO - yaml file:params.yaml loaded successfully]
[2025-12-18 18:49:00,580 - cnn_classifier - INFO - created directory at:artifacts]
[2025-12-18 18:49:00,581 - cnn_classifier - INFO - created directory at:artifacts/data_ingestion]
[2025-12-18 18:49:00,582 - cnn_classifier - INFO - Downloading file from :https://drive.google.com/file/d/15AWxlgsbETlz277Hqc_9bt39EqIuwfNj/view?usp=sharing into file :artifacts\data_ingestion\data.zip]
[2025-12-18 18:50:38,160 - cnn_classifier - INFO - >>>>> stage Data Ingestion Stage started <<<<<]
[2025-12-18 18:50:38,164 - cnn_classifier - INFO - yaml file:config\config.yaml loaded successfully]
[2025-12-18 18:50:38,167 - cnn_classifier - INFO - yaml file:params.yaml loaded successfully]
[2025-12-18 18:50:38,168 - cnn_classifier - INFO - created directory at:artifacts]
[2025-12-18 18:50:38,169 - cnn_classifier - INFO - created directory at:artifacts/data_ingestion]
[2025-12-18 18:50:38,170 - cnn_classifier - INFO - Downloading file from :https://drive.google.com/file/d/15AWxlgsbETlz277Hqc_9bt39EqIuwfNj/view?usp=sharing into file :artifacts\data_ingestion\data.zip]
[2025-12-18 18:52:39,591 - cnn_classifier - INFO - Downloaded data from: https://drive.google.com/file/d/15AWxlgsbETlz277Hqc_9bt39EqIuwfNj/view?usp=sharing into file :artifacts\data_ingestion\data.zip of size :~ 917945 KB]
[2025-12-18 18:53:16,124 - cnn_classifier - INFO - >>>>> stage Data Ingestion Stage completed <<<<<

x==========x]
[2025-12-18 18:53:16,125 - cnn_classifier - INFO - >>>>> stage Base Model Preparation Stage started <<<<<]
[2025-12-18 18:53:16,127 - cnn_classifier - INFO - yaml file:config\config.yaml loaded successfully]
[2025-12-18 18:53:16,129 - cnn_classifier - INFO - yaml file:params.yaml loaded successfully]
[2025-12-18 18:53:16,130 - cnn_classifier - INFO - created directory at:artifacts]
[2025-12-18 18:53:16,139 - cnn_classifier - INFO - created directory at:artifacts/prepare_base_model]
[2025-12-18 18:53:22,756 - absl - WARNING - You are saving your model as an HDF5 file via `model.save()` or `keras.saving.save_model(model)`. This file format is considered legacy. We recommend using instead the native Keras format, e.g. `model.save('my_model.keras')` or `keras.saving.save_model(model, 'my_model.keras')`. ]
[2025-12-18 18:53:23,062 - absl - WARNING - You are saving your model as an HDF5 file via `model.save()` or `keras.saving.save_model(model)`. This file format is considered legacy. We recommend using instead the native Keras format, e.g. `model.save('my_model.keras')` or `keras.saving.save_model(model, 'my_model.keras')`. ]
[2025-12-18 18:53:23,952 - cnn_classifier - INFO - >>>>> stage Base Model Preparation Stage completed <<<<<

x==========x]
[2025-12-18 18:53:23,953 - cnn_classifier - INFO - >>>>> stage Model Training Stage started <<<<<]
[2025-12-18 18:53:28,669 - cnn_classifier - INFO - yaml file:config\config.yaml loaded successfully]
[2025-12-18 18:53:28,672 - cnn_classifier - INFO - yaml file:params.yaml loaded successfully]
[2025-12-18 18:53:28,676 - cnn_classifier - INFO - created directory at:artifacts]
[2025-12-18 18:53:28,677 - cnn_classifier - INFO - created directory at:artifacts\training]
[2025-12-18 19:06:26,570 - absl - WARNING - You are saving your model as an HDF5 file via `model.save()` or `keras.saving.save_model(model)`. This file format is considered legacy. We recommend using instead the native Keras format, e.g. `model.save('my_model.keras')` or `keras.saving.save_model(model, 'my_model.keras')`. ]
[2025-12-18 19:18:54,303 - absl - WARNING - You are saving your model as an HDF5 file via `model.save()` or `keras.saving.save_model(model)`. This file format is considered legacy. We recommend using instead the native Keras format, e.g. `model.save('my_model.keras')` or `keras.saving.save_model(model, 'my_model.keras')`. ]
[2025-12-18 20:44:32,709 - cnn_classifier - INFO - >>>>> stage Data Ingestion Stage started <<<<<]
[2025-12-18 20:44:32,734 - cnn_classifier - INFO - yaml file:config\config.yaml loaded successfully]
[2025-12-18 20:44:32,758 - cnn_classifier - INFO - yaml file:params.yaml loaded successfully]
[2025-12-18 20:44:32,760 - cnn_classifier - INFO - created directory at:artifacts]
[2025-12-18 20:44:32,761 - cnn_classifier - INFO - created directory at:artifacts/data_ingestion]
[2025-12-18 20:44:32,762 - cnn_classifier - INFO - Downloading file from :https://drive.google.com/file/d/15AWxlgsbETlz277Hqc_9bt39EqIuwfNj/view?usp=sharing into file :artifacts\data_ingestion\data.zip]
[2025-12-18 20:45:56,072 - cnn_classifier - INFO - >>>>> stage Data Ingestion Stage started <<<<<]
[2025-12-18 20:45:56,076 - cnn_classifier - INFO - yaml file:config\config.yaml loaded successfully]
[2025-12-18 20:45:56,078 - cnn_classifier - INFO - yaml file:params.yaml loaded successfully]
[2025-12-18 20:45:56,079 - cnn_classifier - INFO - created directory at:artifacts]
[2025-12-18 20:45:56,079 - cnn_classifier - INFO - created directory at:artifacts/data_ingestion]
[2025-12-18 20:45:56,080 - cnn_classifier - INFO - Downloading file from :https://drive.google.com/file/d/15AWxlgsbETlz277Hqc_9bt39EqIuwfNj/view?usp=sharing into file :artifacts\data_ingestion\data.zip]
[2025-12-18 20:48:39,364 - cnn_classifier - INFO - Downloaded data from: https://drive.google.com/file/d/15AWxlgsbETlz277Hqc_9bt39EqIuwfNj/view?usp=sharing into file :artifacts\data_ingestion\data.zip of size :~ 917945 KB]
[2025-12-18 20:48:55,244 - cnn_classifier - INFO - >>>>> stage Data Ingestion Stage completed <<<<<

x==========x]
[2025-12-18 20:48:55,246 - cnn_classifier - INFO - >>>>> stage Base Model Preparation Stage started <<<<<]
[2025-12-18 20:48:55,249 - cnn_classifier - INFO - yaml file:config\config.yaml loaded successfully]
[2025-12-18 20:48:55,252 - cnn_classifier - INFO - yaml file:params.yaml loaded successfully]
[2025-12-18 20:48:55,252 - cnn_classifier - INFO - created directory at:artifacts]
[2025-12-18 20:48:55,254 - cnn_classifier - INFO - created directory at:artifacts/prepare_base_model]
[2025-12-18 20:48:56,127 - absl - WARNING - You are saving your model as an HDF5 file via `model.save()` or `keras.saving.save_model(model)`. This file format is considered legacy. We recommend using instead the native Keras format, e.g. `model.save('my_model.keras')` or `keras.saving.save_model(model, 'my_model.keras')`. ]
[2025-12-18 20:48:56,347 - absl - WARNING - You are saving your model as an HDF5 file via `model.save()` or `keras.saving.save_model(model)`. This file format is considered legacy. We recommend using instead the native Keras format, e.g. `model.save('my_model.keras')` or `keras.saving.save_model(model, 'my_model.keras')`. ]
[2025-12-18 20:48:56,513 - cnn_classifier - INFO - >>>>> stage Base Model Preparation Stage completed <<<<<

x==========x]
[2025-12-18 20:48:56,514 - cnn_classifier - INFO - >>>>> stage Model Training Stage started <<<<<]
[2025-12-18 20:48:58,008 - cnn_classifier - INFO - yaml file:config\config.yaml loaded successfully]
[2025-12-18 20:48:58,011 - cnn_classifier - INFO - yaml file:params.yaml loaded successfully]
[2025-12-18 20:48:58,012 - cnn_classifier - INFO - created directory at:artifacts]
[2025-12-18 20:48:58,013 - cnn_classifier - INFO - created directory at:artifacts\training]
[2025-12-18 21:03:27,473 - absl - WARNING - You are saving your model as an HDF5 file via `model.save()` or `keras.saving.save_model(model)`. This file format is considered legacy. We recommend using instead the native Keras format, e.g. `model.save('my_model.keras')` or `keras.saving.save_model(model, 'my_model.keras')`. ]
[2025-12-18 21:47:09,659 - absl - WARNING - You are saving your model as an HDF5 file via `model.save()` or `keras.saving.save_model(model)`. This file format is considered legacy. We recommend using instead the native Keras format, e.g. `model.save('my_model.keras')` or `keras.saving.save_model(model, 'my_model.keras')`. ]
[2025-12-18 22:25:23,452 - absl - WARNING - You are saving your model as an HDF5 file via `model.save()` or `keras.saving.save_model(model)`. This file format is considered legacy. We recommend using instead the native Keras format, e.g. `model.save('my_model.keras')` or `keras.saving.save_model(model, 'my_model.keras')`. ]
[2025-12-18 22:25:23,617 - cnn_classifier - INFO - >>>>> stage Model Training Stage completed <<<<<

x==========x]
[2025-12-18 22:25:23,618 - cnn_classifier - INFO - >>>>> stage Evalution Stage started <<<<<]
[2025-12-18 22:25:23,650 - cnn_classifier - INFO - yaml file:config\config.yaml loaded successfully]
[2025-12-18 22:25:23,669 - cnn_classifier - INFO - yaml file:params.yaml loaded successfully]
[2025-12-18 22:25:23,675 - cnn_classifier - INFO - created directory at:artifacts]
[2025-12-18 22:25:24,019 - absl - WARNING - Compiled the loaded model, but the compiled metrics have yet to be built. `model.compile_metrics` will be empty until you train or evaluate the model.]
[2025-12-18 22:35:16,574 - cnn_classifier - INFO - json file saved at:scores.json]
[2025-12-18 22:36:03,439 - cnn_classifier - INFO - >>>>> stage Evalution Stage completed <<<<<

x==========x]
[2025-12-25 18:06:50,766 - cnn_classifier - INFO - >>>>> stage Data Ingestion Stage started <<<<<]
[2025-12-25 18:06:50,807 - cnn_classifier - INFO - yaml file:config\config.yaml loaded successfully]
[2025-12-25 18:06:50,818 - cnn_classifier - INFO - yaml file:params.yaml loaded successfully]
[2025-12-25 18:06:50,820 - cnn_classifier - INFO - created directory at:artifacts]
[2025-12-25 18:06:50,823 - cnn_classifier - INFO - created directory at:artifacts/data_ingestion]
[2025-12-25 18:06:50,826 - cnn_classifier - INFO - Downloading file from :https://drive.google.com/file/d/15AWxlgsbETlz277Hqc_9bt39EqIuwfNj/view?usp=sharing into file :artifacts\data_ingestion\data.zip]
[2025-12-25 18:08:45,350 - cnn_classifier - INFO - Downloaded data from: https://drive.google.com/file/d/15AWxlgsbETlz277Hqc_9bt39EqIuwfNj/view?usp=sharing into file :artifacts\data_ingestion\data.zip of size :~ 917945 KB]
[2025-12-25 18:09:01,386 - cnn_classifier - INFO - >>>>> stage Data Ingestion Stage completed <<<<<

x==========x]
[2025-12-25 18:11:15,081 - cnn_classifier - INFO - >>>>> stage Base Model Preparation Stage started <<<<<]
[2025-12-25 18:11:15,085 - cnn_classifier - INFO - yaml file:config\config.yaml loaded successfully]
[2025-12-25 18:11:15,091 - cnn_classifier - INFO - yaml file:params.yaml loaded successfully]
[2025-12-25 18:11:15,093 - cnn_classifier - INFO - created directory at:artifacts]
[2025-12-25 18:11:15,094 - cnn_classifier - INFO - created directory at:artifacts/prepare_base_model]
[2025-12-25 18:11:15,847 - absl - WARNING - You are saving your model as an HDF5 file via `model.save()` or `keras.saving.save_model(model)`. This file format is considered legacy. We recommend using instead the native Keras format, e.g. `model.save('my_model.keras')` or `keras.saving.save_model(model, 'my_model.keras')`. ]
[2025-12-25 18:11:16,078 - absl - WARNING - You are saving your model as an HDF5 file via `model.save()` or `keras.saving.save_model(model)`. This file format is considered legacy. We recommend using instead the native Keras format, e.g. `model.save('my_model.keras')` or `keras.saving.save_model(model, 'my_model.keras')`. ]
[2025-12-25 18:11:16,231 - cnn_classifier - INFO - >>>>> stage Base Model Preparation Stage completed <<<<<

x==========x]
[2025-12-25 18:12:31,607 - cnn_classifier - INFO - >>>>> stage Model Training Stage started <<<<<]
[2025-12-25 18:12:32,743 - cnn_classifier - INFO - yaml file:config\config.yaml loaded successfully]
[2025-12-25 18:12:32,746 - cnn_classifier - INFO - yaml file:params.yaml loaded successfully]
[2025-12-25 18:12:32,747 - cnn_classifier - INFO - created directory at:artifacts]
[2025-12-25 18:12:32,747 - cnn_classifier - INFO - created directory at:artifacts\training]
[2025-12-25 18:25:00,772 - absl - WARNING - You are saving your model as an HDF5 file via `model.save()` or `keras.saving.save_model(model)`. This file format is considered legacy. We recommend using instead the native Keras format, e.g. `model.save('my_model.keras')` or `keras.saving.save_model(model, 'my_model.keras')`. ]
[2025-12-25 18:55:32,158 - absl - WARNING - You are saving your model as an HDF5 file via `model.save()` or `keras.saving.save_model(model)`. This file format is considered legacy. We recommend using instead the native Keras format, e.g. `model.save('my_model.keras')` or `keras.saving.save_model(model, 'my_model.keras')`. ]
[2025-12-25 18:55:32,369 - cnn_classifier - INFO - >>>>> stage Model Training Stage completed <<<<<

x==========x]
[2025-12-26 00:23:19,079 - cnn_classifier - INFO - ***************************]
[2025-12-26 00:23:19,080 - cnn_classifier - INFO - >>>>> stage Evalution Stage started <<<<<]
[2025-12-26 00:23:19,083 - cnn_classifier - INFO - yaml file:config\config.yaml loaded successfully]
[2025-12-26 00:23:19,093 - cnn_classifier - INFO - yaml file:params.yaml loaded successfully]
[2025-12-26 00:23:19,095 - cnn_classifier - INFO - created directory at:artifacts]
[2025-12-26 00:23:19,813 - absl - WARNING - Compiled the loaded model, but the compiled metrics have yet to be built. `model.compile_metrics` will be empty until you train or evaluate the model.]
[2025-12-26 00:32:26,565 - cnn_classifier - INFO - json file saved at:scores.json]
[2025-12-26 00:33:02,079 - cnn_classifier - INFO - >>>>> stage Evalution Stage completed <<<<<

x==========x]
[2025-12-26 00:35:00,351 - cnn_classifier - INFO - ***************************]
[2025-12-26 00:35:00,352 - cnn_classifier - INFO - >>>>> stage Evalution Stage started <<<<<]
[2025-12-26 00:35:00,355 - cnn_classifier - INFO - yaml file:config\config.yaml loaded successfully]
[2025-12-26 00:35:00,365 - cnn_classifier - INFO - yaml file:params.yaml loaded successfully]
[2025-12-26 00:35:00,366 - cnn_classifier - INFO - created directory at:artifacts]
[2025-12-26 00:35:00,937 - absl - WARNING - Compiled the loaded model, but the compiled metrics have yet to be built. `model.compile_metrics` will be empty until you train or evaluate the model.]
[2025-12-26 00:43:28,054 - cnn_classifier - INFO - json file saved at:scores.json]
[2025-12-26 00:43:51,511 - cnn_classifier - INFO - >>>>> stage Evalution Stage completed <<<<<

x==========x]
[2025-12-26 10:16:40,184 - cnn_classifier - INFO - >>>>> stage Model Training Stage started <<<<<]
[2025-12-26 10:16:41,329 - cnn_classifier - INFO - yaml file:config\config.yaml loaded successfully]
[2025-12-26 10:16:41,337 - cnn_classifier - INFO - yaml file:params.yaml loaded successfully]
[2025-12-26 10:16:41,339 - cnn_classifier - INFO - created directory at:artifacts]
[2025-12-26 10:16:41,340 - cnn_classifier - INFO - created directory at:artifacts\training]
[2025-12-26 10:30:21,256 - absl - WARNING - You are saving your model as an HDF5 file via `model.save()` or `keras.saving.save_model(model)`. This file format is considered legacy. We recommend using instead the native Keras format, e.g. `model.save('my_model.keras')` or `keras.saving.save_model(model, 'my_model.keras')`. ]
[2025-12-26 11:08:13,177 - absl - WARNING - You are saving your model as an HDF5 file via `model.save()` or `keras.saving.save_model(model)`. This file format is considered legacy. We recommend using instead the native Keras format, e.g. `model.save('my_model.keras')` or `keras.saving.save_model(model, 'my_model.keras')`. ]
[2025-12-26 11:08:13,455 - cnn_classifier - INFO - >>>>> stage Model Training Stage completed <<<<<

x==========x]
[2025-12-26 11:08:40,635 - cnn_classifier - INFO - ***************************]
[2025-12-26 11:08:40,635 - cnn_classifier - INFO - >>>>> stage Evalution Stage started <<<<<]
[2025-12-26 11:08:40,637 - cnn_classifier - INFO - yaml file:config\config.yaml loaded successfully]
[2025-12-26 11:08:40,642 - cnn_classifier - INFO - yaml file:params.yaml loaded successfully]
[2025-12-26 11:08:40,643 - cnn_classifier - INFO - created directory at:artifacts]
[2025-12-26 11:08:41,136 - absl - WARNING - Compiled the loaded model, but the compiled metrics have yet to be built. `model.compile_metrics` will be empty until you train or evaluate the model.]
[2025-12-26 11:18:22,424 - cnn_classifier - INFO - json file saved at:scores.json]
[2025-12-26 11:18:48,209 - cnn_classifier - INFO - >>>>> stage Evalution Stage completed <<<<<

x==========x]
[2025-12-26 11:32:12,842 - cnn_classifier - INFO - >>>>> stage Base Model Preparation Stage started <<<<<]
[2025-12-26 11:32:12,846 - cnn_classifier - INFO - yaml file:config\config.yaml loaded successfully]
[2025-12-26 11:32:12,848 - cnn_classifier - INFO - yaml file:params.yaml loaded successfully]
[2025-12-26 11:32:12,849 - cnn_classifier - INFO - created directory at:artifacts]
[2025-12-26 11:32:12,850 - cnn_classifier - INFO - created directory at:artifacts/prepare_base_model]
[2025-12-26 11:32:13,491 - absl - WARNING - You are saving your model as an HDF5 file via `model.save()` or `keras.saving.save_model(model)`. This file format is considered legacy. We recommend using instead the native Keras format, e.g. `model.save('my_model.keras')` or `keras.saving.save_model(model, 'my_model.keras')`. ]
[2025-12-26 11:32:13,765 - absl - WARNING - You are saving your model as an HDF5 file via `model.save()` or `keras.saving.save_model(model)`. This file format is considered legacy. We recommend using instead the native Keras format, e.g. `model.save('my_model.keras')` or `keras.saving.save_model(model, 'my_model.keras')`. ]
[2025-12-26 11:32:13,931 - cnn_classifier - INFO - >>>>> stage Base Model Preparation Stage completed <<<<<

x==========x]
[2025-12-26 11:32:28,107 - cnn_classifier - INFO - >>>>> stage Model Training Stage started <<<<<]
[2025-12-26 11:32:29,110 - cnn_classifier - INFO - yaml file:config\config.yaml loaded successfully]
[2025-12-26 11:32:29,113 - cnn_classifier - INFO - yaml file:params.yaml loaded successfully]
[2025-12-26 11:32:29,113 - cnn_classifier - INFO - created directory at:artifacts]
[2025-12-26 11:32:29,114 - cnn_classifier - INFO - created directory at:artifacts\training]
[2025-12-26 11:47:25,806 - absl - WARNING - You are saving your model as an HDF5 file via `model.save()` or `keras.saving.save_model(model)`. This file format is considered legacy. We recommend using instead the native Keras format, e.g. `model.save('my_model.keras')` or `keras.saving.save_model(model, 'my_model.keras')`. ]
[2025-12-26 12:03:45,131 - absl - WARNING - You are saving your model as an HDF5 file via `model.save()` or `keras.saving.save_model(model)`. This file format is considered legacy. We recommend using instead the native Keras format, e.g. `model.save('my_model.keras')` or `keras.saving.save_model(model, 'my_model.keras')`. ]
[2025-12-26 12:10:25,511 - absl - WARNING - You are saving your model as an HDF5 file via `model.save()` or `keras.saving.save_model(model)`. This file format is considered legacy. We recommend using instead the native Keras format, e.g. `model.save('my_model.keras')` or `keras.saving.save_model(model, 'my_model.keras')`. ]
[2025-12-26 12:25:52,379 - absl - WARNING - You are saving your model as an HDF5 file via `model.save()` or `keras.saving.save_model(model)`. This file format is considered legacy. We recommend using instead the native Keras format, e.g. `model.save('my_model.keras')` or `keras.saving.save_model(model, 'my_model.keras')`. ]
[2025-12-26 13:02:19,221 - absl - WARNING - You are saving your model as an HDF5 file via `model.save()` or `keras.saving.save_model(model)`. This file format is considered legacy. We recommend using instead the native Keras format, e.g. `model.save('my_model.keras')` or `keras.saving.save_model(model, 'my_model.keras')`. ]
[2025-12-26 13:02:19,434 - cnn_classifier - INFO - >>>>> stage Model Training Stage completed <<<<<

x==========x]
[2025-12-26 13:03:02,335 - cnn_classifier - INFO - ***************************]
[2025-12-26 13:03:02,335 - cnn_classifier - INFO - >>>>> stage Evalution Stage started <<<<<]
[2025-12-26 13:03:02,354 - cnn_classifier - INFO - yaml file:config\config.yaml loaded successfully]
[2025-12-26 13:03:02,359 - cnn_classifier - INFO - yaml file:params.yaml loaded successfully]
[2025-12-26 13:03:02,361 - cnn_classifier - INFO - created directory at:artifacts]
[2025-12-26 13:03:02,801 - absl - WARNING - Compiled the loaded model, but the compiled metrics have yet to be built. `model.compile_metrics` will be empty until you train or evaluate the model.]
[2025-12-26 13:11:44,693 - cnn_classifier - INFO - json file saved at:scores.json]
[2025-12-26 13:12:18,673 - cnn_classifier - INFO - >>>>> stage Evalution Stage completed <<<<<

x==========x]
[2025-12-29 14:26:37,509 - werkzeug - INFO - [31m[1mWARNING: This is a development server. Do not use it in a production deployment. Use a production WSGI server instead.[0m
 * Running on all addresses (0.0.0.0)
 * Running on http://127.0.0.1:8000
 * Running on http://192.168.1.107:8000]
[2025-12-29 14:26:37,510 - werkzeug - INFO - [33mPress CTRL+C to quit[0m]
[2025-12-29 14:26:52,939 - werkzeug - INFO - 127.0.0.1 - - [29/Dec/2025 14:26:52] "GET / HTTP/1.1" 200 -]
[2025-12-29 14:26:53,174 - werkzeug - INFO - 127.0.0.1 - - [29/Dec/2025 14:26:53] "[33mGET /favicon.ico HTTP/1.1[0m" 404 -]
[2025-12-29 14:27:27,749 - absl - WARNING - Compiled the loaded model, but the compiled metrics have yet to be built. `model.compile_metrics` will be empty until you train or evaluate the model.]
[2025-12-29 14:27:28,189 - app - ERROR - Exception on /predict [POST]]
Traceback (most recent call last):
  File "D:\Kidney-Disease-classification-cnn\.venv\Lib\site-packages\flask\app.py", line 1511, in wsgi_app
    response = self.full_dispatch_request()
  File "D:\Kidney-Disease-classification-cnn\.venv\Lib\site-packages\flask\app.py", line 919, in full_dispatch_request
    rv = self.handle_user_exception(e)
  File "D:\Kidney-Disease-classification-cnn\.venv\Lib\site-packages\flask_cors\extension.py", line 176, in wrapped_function
    return cors_after_request(app.make_response(f(*args, **kwargs)))
                                                ~^^^^^^^^^^^^^^^^^
  File "D:\Kidney-Disease-classification-cnn\.venv\Lib\site-packages\flask\app.py", line 917, in full_dispatch_request
    rv = self.dispatch_request()
  File "D:\Kidney-Disease-classification-cnn\.venv\Lib\site-packages\flask\app.py", line 902, in dispatch_request
    return self.ensure_sync(self.view_functions[rule.endpoint])(**view_args)  # type: ignore[no-any-return]
           ~~~~~~~~~~~~~~~~~~~~~~~~~~~~~~~~~~~~~~~~~~~~~~~~~~~~^^^^^^^^^^^^^
  File "D:\Kidney-Disease-classification-cnn\.venv\Lib\site-packages\flask_cors\decorator.py", line 121, in wrapped_function
    resp = make_response(f(*args, **kwargs))
                         ~^^^^^^^^^^^^^^^^^
  File "d:\Kidney-Disease-classification-cnn\app.py", line 38, in predictRoute
    results=clApp.classifier.predict()
  File "d:\Kidney-Disease-classification-cnn\src\cnn_classifier\pipeline\prediction.py", line 14, in predict
    test_image=image.load_img(imagename,target_size=(224,224))
  File "D:\Kidney-Disease-classification-cnn\.venv\Lib\site-packages\keras\src\utils\image_utils.py", line 236, in load_img
    img = pil_image.open(io.BytesIO(f.read()))
  File "D:\Kidney-Disease-classification-cnn\.venv\Lib\site-packages\PIL\Image.py", line 3560, in open
    raise UnidentifiedImageError(msg)
PIL.UnidentifiedImageError: cannot identify image file <_io.BytesIO object at 0x000001D2891FBB00>
[2025-12-29 14:27:28,345 - werkzeug - INFO - 127.0.0.1 - - [29/Dec/2025 14:27:28] "[35m[1mPOST /predict HTTP/1.1[0m" 500 -]
[2025-12-29 14:28:34,695 - absl - WARNING - Compiled the loaded model, but the compiled metrics have yet to be built. `model.compile_metrics` will be empty until you train or evaluate the model.]
[2025-12-29 14:28:34,716 - app - ERROR - Exception on /predict [POST]]
Traceback (most recent call last):
  File "D:\Kidney-Disease-classification-cnn\.venv\Lib\site-packages\flask\app.py", line 1511, in wsgi_app
    response = self.full_dispatch_request()
  File "D:\Kidney-Disease-classification-cnn\.venv\Lib\site-packages\flask\app.py", line 919, in full_dispatch_request
    rv = self.handle_user_exception(e)
  File "D:\Kidney-Disease-classification-cnn\.venv\Lib\site-packages\flask_cors\extension.py", line 176, in wrapped_function
    return cors_after_request(app.make_response(f(*args, **kwargs)))
                                                ~^^^^^^^^^^^^^^^^^
  File "D:\Kidney-Disease-classification-cnn\.venv\Lib\site-packages\flask\app.py", line 917, in full_dispatch_request
    rv = self.dispatch_request()
  File "D:\Kidney-Disease-classification-cnn\.venv\Lib\site-packages\flask\app.py", line 902, in dispatch_request
    return self.ensure_sync(self.view_functions[rule.endpoint])(**view_args)  # type: ignore[no-any-return]
           ~~~~~~~~~~~~~~~~~~~~~~~~~~~~~~~~~~~~~~~~~~~~~~~~~~~~^^^^^^^^^^^^^
  File "D:\Kidney-Disease-classification-cnn\.venv\Lib\site-packages\flask_cors\decorator.py", line 121, in wrapped_function
    resp = make_response(f(*args, **kwargs))
                         ~^^^^^^^^^^^^^^^^^
  File "d:\Kidney-Disease-classification-cnn\app.py", line 38, in predictRoute
    results=clApp.classifier.predict()
  File "d:\Kidney-Disease-classification-cnn\src\cnn_classifier\pipeline\prediction.py", line 14, in predict
    test_image=image.load_img(imagename,target_size=(224,224))
  File "D:\Kidney-Disease-classification-cnn\.venv\Lib\site-packages\keras\src\utils\image_utils.py", line 236, in load_img
    img = pil_image.open(io.BytesIO(f.read()))
  File "D:\Kidney-Disease-classification-cnn\.venv\Lib\site-packages\PIL\Image.py", line 3560, in open
    raise UnidentifiedImageError(msg)
PIL.UnidentifiedImageError: cannot identify image file <_io.BytesIO object at 0x000001D2FECA7E20>
[2025-12-29 14:28:34,735 - werkzeug - INFO - 127.0.0.1 - - [29/Dec/2025 14:28:34] "[35m[1mPOST /predict HTTP/1.1[0m" 500 -]
[2025-12-29 14:28:56,663 - absl - WARNING - Compiled the loaded model, but the compiled metrics have yet to be built. `model.compile_metrics` will be empty until you train or evaluate the model.]
[2025-12-29 14:28:56,689 - app - ERROR - Exception on /predict [POST]]
Traceback (most recent call last):
  File "D:\Kidney-Disease-classification-cnn\.venv\Lib\site-packages\flask\app.py", line 1511, in wsgi_app
    response = self.full_dispatch_request()
  File "D:\Kidney-Disease-classification-cnn\.venv\Lib\site-packages\flask\app.py", line 919, in full_dispatch_request
    rv = self.handle_user_exception(e)
  File "D:\Kidney-Disease-classification-cnn\.venv\Lib\site-packages\flask_cors\extension.py", line 176, in wrapped_function
    return cors_after_request(app.make_response(f(*args, **kwargs)))
                                                ~^^^^^^^^^^^^^^^^^
  File "D:\Kidney-Disease-classification-cnn\.venv\Lib\site-packages\flask\app.py", line 917, in full_dispatch_request
    rv = self.dispatch_request()
  File "D:\Kidney-Disease-classification-cnn\.venv\Lib\site-packages\flask\app.py", line 902, in dispatch_request
    return self.ensure_sync(self.view_functions[rule.endpoint])(**view_args)  # type: ignore[no-any-return]
           ~~~~~~~~~~~~~~~~~~~~~~~~~~~~~~~~~~~~~~~~~~~~~~~~~~~~^^^^^^^^^^^^^
  File "D:\Kidney-Disease-classification-cnn\.venv\Lib\site-packages\flask_cors\decorator.py", line 121, in wrapped_function
    resp = make_response(f(*args, **kwargs))
                         ~^^^^^^^^^^^^^^^^^
  File "d:\Kidney-Disease-classification-cnn\app.py", line 38, in predictRoute
    results=clApp.classifier.predict()
  File "d:\Kidney-Disease-classification-cnn\src\cnn_classifier\pipeline\prediction.py", line 14, in predict
    test_image=image.load_img(imagename,target_size=(224,224))
  File "D:\Kidney-Disease-classification-cnn\.venv\Lib\site-packages\keras\src\utils\image_utils.py", line 236, in load_img
    img = pil_image.open(io.BytesIO(f.read()))
  File "D:\Kidney-Disease-classification-cnn\.venv\Lib\site-packages\PIL\Image.py", line 3560, in open
    raise UnidentifiedImageError(msg)
PIL.UnidentifiedImageError: cannot identify image file <_io.BytesIO object at 0x000001D2918B9E40>
[2025-12-29 14:28:56,708 - werkzeug - INFO - 127.0.0.1 - - [29/Dec/2025 14:28:56] "[35m[1mPOST /predict HTTP/1.1[0m" 500 -]
[2025-12-29 14:35:21,028 - werkzeug - INFO - [31m[1mWARNING: This is a development server. Do not use it in a production deployment. Use a production WSGI server instead.[0m
 * Running on all addresses (0.0.0.0)
 * Running on http://127.0.0.1:8000
 * Running on http://192.168.1.107:8000]
[2025-12-29 14:35:21,033 - werkzeug - INFO - [33mPress CTRL+C to quit[0m]
[2025-12-29 14:35:51,091 - werkzeug - INFO - 127.0.0.1 - - [29/Dec/2025 14:35:51] "GET / HTTP/1.1" 200 -]
[2025-12-29 14:35:51,422 - werkzeug - INFO - 127.0.0.1 - - [29/Dec/2025 14:35:51] "[33mGET /favicon.ico HTTP/1.1[0m" 404 -]
[2025-12-29 14:36:10,415 - absl - WARNING - Compiled the loaded model, but the compiled metrics have yet to be built. `model.compile_metrics` will be empty until you train or evaluate the model.]
[2025-12-29 14:36:12,733 - werkzeug - INFO - 127.0.0.1 - - [29/Dec/2025 14:36:12] "POST /predict HTTP/1.1" 200 -]
[2025-12-29 14:36:37,495 - absl - WARNING - Compiled the loaded model, but the compiled metrics have yet to be built. `model.compile_metrics` will be empty until you train or evaluate the model.]
[2025-12-29 14:36:39,286 - werkzeug - INFO - 127.0.0.1 - - [29/Dec/2025 14:36:39] "POST /predict HTTP/1.1" 200 -]
[2025-12-29 14:38:13,158 - werkzeug - INFO - 127.0.0.1 - - [29/Dec/2025 14:38:13] "GET / HTTP/1.1" 200 -]
[2025-12-29 14:39:00,425 - werkzeug - INFO - [31m[1mWARNING: This is a development server. Do not use it in a production deployment. Use a production WSGI server instead.[0m
 * Running on all addresses (0.0.0.0)
 * Running on http://127.0.0.1:8000
 * Running on http://192.168.1.107:8000]
[2025-12-29 14:39:00,435 - werkzeug - INFO - [33mPress CTRL+C to quit[0m]
[2025-12-29 14:39:07,867 - werkzeug - INFO - 127.0.0.1 - - [29/Dec/2025 14:39:07] "GET / HTTP/1.1" 200 -]
[2025-12-29 14:39:08,107 - werkzeug - INFO - 127.0.0.1 - - [29/Dec/2025 14:39:08] "[33mGET /favicon.ico HTTP/1.1[0m" 404 -]
[2025-12-29 14:39:20,459 - absl - WARNING - Compiled the loaded model, but the compiled metrics have yet to be built. `model.compile_metrics` will be empty until you train or evaluate the model.]
[2025-12-29 14:39:22,493 - werkzeug - INFO - 127.0.0.1 - - [29/Dec/2025 14:39:22] "POST /predict HTTP/1.1" 200 -]
[2025-12-29 14:52:27,020 - absl - WARNING - Compiled the loaded model, but the compiled metrics have yet to be built. `model.compile_metrics` will be empty until you train or evaluate the model.]
[2025-12-29 14:52:29,540 - werkzeug - INFO - 127.0.0.1 - - [29/Dec/2025 14:52:29] "POST /predict HTTP/1.1" 200 -]
[2025-12-29 14:54:10,602 - absl - WARNING - Compiled the loaded model, but the compiled metrics have yet to be built. `model.compile_metrics` will be empty until you train or evaluate the model.]
[2025-12-29 14:54:12,740 - werkzeug - INFO - 127.0.0.1 - - [29/Dec/2025 14:54:12] "POST /predict HTTP/1.1" 200 -]
[2025-12-29 14:57:27,281 - absl - WARNING - Compiled the loaded model, but the compiled metrics have yet to be built. `model.compile_metrics` will be empty until you train or evaluate the model.]
[2025-12-29 14:57:29,315 - werkzeug - INFO - 127.0.0.1 - - [29/Dec/2025 14:57:29] "POST /predict HTTP/1.1" 200 -]
